	.text
	.syntax unified
	.eabi_attribute	67, "2.09"	@ Tag_conformance
	.cpu	cortex-m23
	.eabi_attribute	6, 16	@ Tag_CPU_arch
	.eabi_attribute	7, 77	@ Tag_CPU_arch_profile
	.eabi_attribute	8, 0	@ Tag_ARM_ISA_use
	.eabi_attribute	9, 3	@ Tag_THUMB_ISA_use
	.eabi_attribute	34, 0	@ Tag_CPU_unaligned_access
	.eabi_attribute	17, 1	@ Tag_ABI_PCS_GOT_use
	.eabi_attribute	20, 2	@ Tag_ABI_FP_denormal
	.eabi_attribute	21, 0	@ Tag_ABI_FP_exceptions
	.eabi_attribute	23, 1	@ Tag_ABI_FP_number_model
	.eabi_attribute	24, 1	@ Tag_ABI_align_needed
	.eabi_attribute	25, 1	@ Tag_ABI_align_preserved
	.eabi_attribute	38, 1	@ Tag_ABI_FP_16bit_format
	.eabi_attribute	18, 2	@ Tag_ABI_PCS_wchar_t
	.eabi_attribute	26, 1	@ Tag_ABI_enum_size
	.eabi_attribute	14, 0	@ Tag_ABI_PCS_R9_use
	.file	"common.c"
	.file	1 "D:\\Keil_v5\\ARM\\ARMCLANG\\Bin\\..\\include" "stdint.h"
	.file	2 "E:\\project\\product\\GD32\\E230 -  ZFZ-F8\\MDK-ARM" "../APP/Src/common.c"
	.section	.text.Delay_Ms,"ax",%progbits
	.hidden	Delay_Ms                @ -- Begin function Delay_Ms
	.globl	Delay_Ms
	.p2align	1
	.type	Delay_Ms,%function
	.code	16                      @ @Delay_Ms
	.thumb_func
Delay_Ms:
.Lfunc_begin0:
	.loc	2 4 0                   @ ../APP/Src/common.c:4:0
	.fnstart
	.cfi_sections .debug_frame
	.cfi_startproc
@ %bb.0:
	.pad	#4
	sub	sp, #4
	.cfi_def_cfa_offset 4
	str	r0, [sp]
.Ltmp0:
	.loc	2 5 11 prologue_end     @ ../APP/Src/common.c:5:11
	ldr	r0, [sp]
	movw	r1, #3200
	.loc	2 5 15 is_stmt 0        @ ../APP/Src/common.c:5:15
	muls	r1, r0, r1
	.loc	2 5 9                   @ ../APP/Src/common.c:5:9
	str	r1, [sp]
	.loc	2 8 5 is_stmt 1         @ ../APP/Src/common.c:8:5
	b	.LBB0_1
.LBB0_1:                                @ =>This Inner Loop Header: Depth=1
	.loc	2 8 15 is_stmt 0        @ ../APP/Src/common.c:8:15
	ldr	r0, [sp]
	subs	r1, r0, #1
	str	r1, [sp]
	.loc	2 8 5                   @ ../APP/Src/common.c:8:5
	cmp	r0, #0
	beq	.LBB0_3
	b	.LBB0_2
.LBB0_2:                                @   in Loop: Header=BB0_1 Depth=1
	b	.LBB0_1
.LBB0_3:
	.loc	2 9 1 is_stmt 1         @ ../APP/Src/common.c:9:1
	add	sp, #4
	bx	lr
.Ltmp1:
.Lfunc_end0:
	.size	Delay_Ms, .Lfunc_end0-Delay_Ms
	.cfi_endproc
	.cantunwind
	.fnend
                                        @ -- End function
	.section	.text.Delay_Us,"ax",%progbits
	.hidden	Delay_Us                @ -- Begin function Delay_Us
	.globl	Delay_Us
	.p2align	1
	.type	Delay_Us,%function
	.code	16                      @ @Delay_Us
	.thumb_func
Delay_Us:
.Lfunc_begin1:
	.loc	2 12 0                  @ ../APP/Src/common.c:12:0
	.fnstart
	.cfi_startproc
@ %bb.0:
	.pad	#4
	sub	sp, #4
	.cfi_def_cfa_offset 4
	str	r0, [sp]
.Ltmp2:
	.loc	2 13 11 prologue_end    @ ../APP/Src/common.c:13:11
	ldr	r0, [sp]
	.loc	2 13 15 is_stmt 0       @ ../APP/Src/common.c:13:15
	lsls	r0, r0, #3
	.loc	2 13 9                  @ ../APP/Src/common.c:13:9
	str	r0, [sp]
	.loc	2 15 5 is_stmt 1        @ ../APP/Src/common.c:15:5
	b	.LBB1_1
.LBB1_1:                                @ =>This Inner Loop Header: Depth=1
	.loc	2 15 15 is_stmt 0       @ ../APP/Src/common.c:15:15
	ldr	r0, [sp]
	subs	r1, r0, #1
	str	r1, [sp]
	.loc	2 15 5                  @ ../APP/Src/common.c:15:5
	cmp	r0, #0
	beq	.LBB1_3
	b	.LBB1_2
.LBB1_2:                                @   in Loop: Header=BB1_1 Depth=1
	b	.LBB1_1
.LBB1_3:
	.loc	2 16 1 is_stmt 1        @ ../APP/Src/common.c:16:1
	add	sp, #4
	bx	lr
.Ltmp3:
.Lfunc_end1:
	.size	Delay_Us, .Lfunc_end1-Delay_Us
	.cfi_endproc
	.cantunwind
	.fnend
                                        @ -- End function
	.section	.text.Get_filter,"ax",%progbits
	.hidden	Get_filter              @ -- Begin function Get_filter
	.globl	Get_filter
	.p2align	2
	.type	Get_filter,%function
	.code	16                      @ @Get_filter
	.thumb_func
Get_filter:
.Lfunc_begin2:
	.loc	2 22 0                  @ ../APP/Src/common.c:22:0
	.fnstart
	.cfi_startproc
@ %bb.0:
	.pad	#52
	sub	sp, #52
	.cfi_def_cfa_offset 52
	mov	r1, r0
	add	r2, sp, #44
	strh	r0, [r2]
	add	r0, sp, #40
	movs	r2, #0
.Ltmp4:
	.loc	2 23 10 prologue_end    @ ../APP/Src/common.c:23:10
	strb	r2, [r0]
	add	r0, sp, #36
	.loc	2 23 14 is_stmt 0       @ ../APP/Src/common.c:23:14
	strb	r2, [r0]
	.loc	2 24 11 is_stmt 1       @ ../APP/Src/common.c:24:11
	str	r2, [sp, #32]
	.loc	2 24 20 is_stmt 0       @ ../APP/Src/common.c:24:20
	str	r2, [sp, #28]
	str	r2, [sp, #24]
	str	r2, [sp, #20]
	str	r2, [sp, #16]
	str	r2, [sp, #12]
	str	r2, [sp, #8]
	str	r2, [sp, #4]
.Ltmp5:
	.loc	2 30 5 is_stmt 1        @ ../APP/Src/common.c:30:5
	ldr	r0, __arm_cp.2_0
	ldrb	r0, [r0]
.Ltmp6:
	.loc	2 30 5 is_stmt 0        @ ../APP/Src/common.c:30:5
	cmp	r0, #9
	blt	.LBB2_2
	b	.LBB2_1
.LBB2_1:
.Ltmp7:
	.loc	2 31 9 is_stmt 1        @ ../APP/Src/common.c:31:9
	ldr	r0, __arm_cp.2_0
	movs	r1, #0
	strb	r1, [r0]
	.loc	2 31 3 is_stmt 0        @ ../APP/Src/common.c:31:3
	b	.LBB2_2
.Ltmp8:
.LBB2_2:
	.loc	2 33 5 is_stmt 1        @ ../APP/Src/common.c:33:5
	ldr	r0, __arm_cp.2_1
	ldrb	r0, [r0]
.Ltmp9:
	.loc	2 33 5 is_stmt 0        @ ../APP/Src/common.c:33:5
	cmp	r0, #7
	bgt	.LBB2_7
	b	.LBB2_3
.LBB2_3:
.Ltmp10:
	.loc	2 35 8 is_stmt 1        @ ../APP/Src/common.c:35:8
	ldr	r0, __arm_cp.2_3
	movs	r1, #0
	str	r1, [r0]
	.loc	2 36 10                 @ ../APP/Src/common.c:36:10
	ldr	r0, __arm_cp.2_1
	ldrb	r2, [r0]
	adds	r2, r2, #1
	strb	r2, [r0]
	add	r0, sp, #44
	.loc	2 37 19                 @ ../APP/Src/common.c:37:19
	ldrh	r0, [r0]
	.loc	2 37 12 is_stmt 0       @ ../APP/Src/common.c:37:12
	ldr	r2, __arm_cp.2_0
	ldrb	r2, [r2]
	.loc	2 37 3                  @ ../APP/Src/common.c:37:3
	lsls	r2, r2, #2
	ldr	r3, __arm_cp.2_2
	.loc	2 37 18                 @ ../APP/Src/common.c:37:18
	str	r0, [r3, r2]
	add	r0, sp, #40
.Ltmp11:
	.loc	2 38 9 is_stmt 1        @ ../APP/Src/common.c:38:9
	strb	r1, [r0]
	.loc	2 38 7 is_stmt 0        @ ../APP/Src/common.c:38:7
	b	.LBB2_4
.LBB2_4:                                @ =>This Inner Loop Header: Depth=1
	.loc	2 0 7                   @ ../APP/Src/common.c:0:7
	add	r0, sp, #40
.Ltmp12:
	.loc	2 38 13                 @ ../APP/Src/common.c:38:13
	ldrb	r0, [r0]
	.loc	2 38 18                 @ ../APP/Src/common.c:38:18
	ldr	r1, __arm_cp.2_0
	ldrb	r1, [r1]
.Ltmp13:
	.loc	2 38 3                  @ ../APP/Src/common.c:38:3
	cmp	r0, r1
	bgt	.LBB2_6
	b	.LBB2_5
.LBB2_5:                                @   in Loop: Header=BB2_4 Depth=1
	.loc	2 0 3                   @ ../APP/Src/common.c:0:3
	add	r0, sp, #40
.Ltmp14:
	.loc	2 40 20 is_stmt 1       @ ../APP/Src/common.c:40:20
	ldrb	r1, [r0]
	adds	r2, r1, #1
	strb	r2, [r0]
	.loc	2 40 10 is_stmt 0       @ ../APP/Src/common.c:40:10
	lsls	r0, r1, #2
	ldr	r1, __arm_cp.2_2
	ldr	r0, [r1, r0]
	.loc	2 40 8                  @ ../APP/Src/common.c:40:8
	ldr	r1, __arm_cp.2_3
	ldr	r2, [r1]
	adds	r0, r2, r0
	str	r0, [r1]
.Ltmp15:
	.loc	2 38 3 is_stmt 1        @ ../APP/Src/common.c:38:3
	b	.LBB2_4
.Ltmp16:
.LBB2_6:
	.loc	2 42 8                  @ ../APP/Src/common.c:42:8
	ldr	r0, __arm_cp.2_0
	ldrb	r1, [r0]
	adds	r1, r1, #1
	strb	r1, [r0]
	.loc	2 43 16                 @ ../APP/Src/common.c:43:16
	ldr	r0, [sp, #44]
	add	r1, sp, #48
	.loc	2 43 9 is_stmt 0        @ ../APP/Src/common.c:43:9
	strh	r0, [r1]
	b	.LBB2_24
.Ltmp17:
.LBB2_7:
	.loc	2 0 9                   @ ../APP/Src/common.c:0:9
	add	r0, sp, #44
	.loc	2 47 19 is_stmt 1       @ ../APP/Src/common.c:47:19
	ldrh	r0, [r0]
	.loc	2 47 12 is_stmt 0       @ ../APP/Src/common.c:47:12
	ldr	r1, __arm_cp.2_0
	ldrb	r2, [r1]
	.loc	2 47 3                  @ ../APP/Src/common.c:47:3
	lsls	r2, r2, #2
	ldr	r3, __arm_cp.2_2
	.loc	2 47 18                 @ ../APP/Src/common.c:47:18
	str	r0, [r3, r2]
	.loc	2 49 11 is_stmt 1       @ ../APP/Src/common.c:49:11
	ldrb	r0, [r1]
	adds	r2, r0, #1
	strb	r2, [r1]
	add	r1, sp, #36
	.loc	2 49 4 is_stmt 0        @ ../APP/Src/common.c:49:4
	strb	r0, [r1]
	add	r0, sp, #40
	movs	r1, #0
.Ltmp18:
	.loc	2 50 8 is_stmt 1        @ ../APP/Src/common.c:50:8
	strb	r1, [r0]
	.loc	2 50 6 is_stmt 0        @ ../APP/Src/common.c:50:6
	b	.LBB2_8
.LBB2_8:                                @ =>This Inner Loop Header: Depth=1
	.loc	2 0 6                   @ ../APP/Src/common.c:0:6
	add	r0, sp, #40
.Ltmp19:
	.loc	2 50 12                 @ ../APP/Src/common.c:50:12
	ldrb	r0, [r0]
.Ltmp20:
	.loc	2 50 2                  @ ../APP/Src/common.c:50:2
	cmp	r0, #6
	bgt	.LBB2_13
	b	.LBB2_9
.LBB2_9:                                @   in Loop: Header=BB2_8 Depth=1
	.loc	2 0 2                   @ ../APP/Src/common.c:0:2
	add	r0, sp, #36
.Ltmp21:
	.loc	2 52 22 is_stmt 1       @ ../APP/Src/common.c:52:22
	ldrb	r1, [r0]
	.loc	2 52 13 is_stmt 0       @ ../APP/Src/common.c:52:13
	lsls	r1, r1, #2
	ldr	r2, __arm_cp.2_2
	ldr	r1, [r2, r1]
	add	r2, sp, #40
	.loc	2 52 8                  @ ../APP/Src/common.c:52:8
	ldrb	r2, [r2]
	.loc	2 52 3                  @ ../APP/Src/common.c:52:3
	lsls	r2, r2, #2
	add	r3, sp, #4
	.loc	2 52 11                 @ ../APP/Src/common.c:52:11
	str	r1, [r3, r2]
.Ltmp22:
	.loc	2 53 6 is_stmt 1        @ ../APP/Src/common.c:53:6
	ldrb	r0, [r0]
.Ltmp23:
	.loc	2 53 6 is_stmt 0        @ ../APP/Src/common.c:53:6
	cmp	r0, #0
	bgt	.LBB2_11
	b	.LBB2_10
.LBB2_10:                               @   in Loop: Header=BB2_8 Depth=1
	.loc	2 0 6                   @ ../APP/Src/common.c:0:6
	add	r0, sp, #36
	movs	r1, #9
.Ltmp24:
	.loc	2 54 6 is_stmt 1        @ ../APP/Src/common.c:54:6
	strb	r1, [r0]
	.loc	2 54 4 is_stmt 0        @ ../APP/Src/common.c:54:4
	b	.LBB2_11
.Ltmp25:
.LBB2_11:                               @   in Loop: Header=BB2_8 Depth=1
	.loc	2 55 4 is_stmt 1        @ ../APP/Src/common.c:55:4
	ldr	r0, [sp, #36]
	subs	r0, r0, #1
	add	r1, sp, #36
	strb	r0, [r1]
	.loc	2 56 2                  @ ../APP/Src/common.c:56:2
	b	.LBB2_12
.Ltmp26:
.LBB2_12:                               @   in Loop: Header=BB2_8 Depth=1
	.loc	2 50 17                 @ ../APP/Src/common.c:50:17
	ldr	r0, [sp, #40]
	adds	r0, r0, #1
	add	r1, sp, #40
	strb	r0, [r1]
	.loc	2 50 2 is_stmt 0        @ ../APP/Src/common.c:50:2
	b	.LBB2_8
.Ltmp27:
.LBB2_13:
	.loc	2 0 2                   @ ../APP/Src/common.c:0:2
	add	r0, sp, #40
	movs	r1, #0
.Ltmp28:
	.loc	2 58 7 is_stmt 1        @ ../APP/Src/common.c:58:7
	strb	r1, [r0]
	.loc	2 58 6 is_stmt 0        @ ../APP/Src/common.c:58:6
	b	.LBB2_14
.LBB2_14:                               @ =>This Loop Header: Depth=1
                                        @     Child Loop BB2_16 Depth 2
	.loc	2 0 6                   @ ../APP/Src/common.c:0:6
	add	r0, sp, #40
.Ltmp29:
	.loc	2 58 11                 @ ../APP/Src/common.c:58:11
	ldrb	r0, [r0]
.Ltmp30:
	.loc	2 58 2                  @ ../APP/Src/common.c:58:2
	cmp	r0, #6
	bgt	.LBB2_23
	b	.LBB2_15
.LBB2_15:                               @   in Loop: Header=BB2_14 Depth=1
	.loc	2 0 2                   @ ../APP/Src/common.c:0:2
	add	r0, sp, #36
	movs	r1, #0
.Ltmp31:
	.loc	2 60 8 is_stmt 1        @ ../APP/Src/common.c:60:8
	strb	r1, [r0]
	.loc	2 60 7 is_stmt 0        @ ../APP/Src/common.c:60:7
	b	.LBB2_16
.LBB2_16:                               @   Parent Loop BB2_14 Depth=1
                                        @ =>  This Inner Loop Header: Depth=2
	.loc	2 0 7                   @ ../APP/Src/common.c:0:7
	add	r0, sp, #36
.Ltmp32:
	.loc	2 60 12                 @ ../APP/Src/common.c:60:12
	ldrb	r0, [r0]
	add	r1, sp, #40
	.loc	2 60 16                 @ ../APP/Src/common.c:60:16
	ldrb	r1, [r1]
	movs	r2, #7
	.loc	2 60 15                 @ ../APP/Src/common.c:60:15
	subs	r1, r2, r1
.Ltmp33:
	.loc	2 60 3                  @ ../APP/Src/common.c:60:3
	cmp	r0, r1
	bge	.LBB2_21
	b	.LBB2_17
.LBB2_17:                               @   in Loop: Header=BB2_16 Depth=2
	.loc	2 0 3                   @ ../APP/Src/common.c:0:3
	add	r0, sp, #36
.Ltmp34:
	.loc	2 62 12 is_stmt 1       @ ../APP/Src/common.c:62:12
	ldrb	r0, [r0]
	.loc	2 62 7 is_stmt 0        @ ../APP/Src/common.c:62:7
	lsls	r0, r0, #2
	add	r1, sp, #4
	adds	r2, r1, r0
	ldr	r0, [r1, r0]
	.loc	2 62 17                 @ ../APP/Src/common.c:62:17
	ldr	r1, [r2, #4]
.Ltmp35:
	.loc	2 62 7                  @ ../APP/Src/common.c:62:7
	cmp	r0, r1
	bls	.LBB2_19
	b	.LBB2_18
.LBB2_18:                               @   in Loop: Header=BB2_16 Depth=2
	.loc	2 0 7                   @ ../APP/Src/common.c:0:7
	add	r0, sp, #36
.Ltmp36:
	.loc	2 64 17 is_stmt 1       @ ../APP/Src/common.c:64:17
	ldrb	r1, [r0]
	.loc	2 64 12 is_stmt 0       @ ../APP/Src/common.c:64:12
	lsls	r1, r1, #2
	add	r2, sp, #4
	ldr	r1, [r2, r1]
	.loc	2 64 10                 @ ../APP/Src/common.c:64:10
	str	r1, [sp, #32]
	.loc	2 65 20 is_stmt 1       @ ../APP/Src/common.c:65:20
	ldrb	r1, [r0]
	.loc	2 65 21 is_stmt 0       @ ../APP/Src/common.c:65:21
	lsls	r1, r1, #2
	.loc	2 65 5                  @ ../APP/Src/common.c:65:5
	adds	r3, r2, r1
	.loc	2 65 15                 @ ../APP/Src/common.c:65:15
	ldr	r3, [r3, #4]
	.loc	2 65 13                 @ ../APP/Src/common.c:65:13
	str	r3, [r2, r1]
	.loc	2 66 17 is_stmt 1       @ ../APP/Src/common.c:66:17
	ldr	r1, [sp, #32]
	.loc	2 66 10 is_stmt 0       @ ../APP/Src/common.c:66:10
	ldrb	r0, [r0]
	.loc	2 66 11                 @ ../APP/Src/common.c:66:11
	lsls	r0, r0, #2
	.loc	2 66 5                  @ ../APP/Src/common.c:66:5
	adds	r0, r0, r2
	.loc	2 66 15                 @ ../APP/Src/common.c:66:15
	str	r1, [r0, #4]
	.loc	2 67 4 is_stmt 1        @ ../APP/Src/common.c:67:4
	b	.LBB2_19
.Ltmp37:
.LBB2_19:                               @   in Loop: Header=BB2_16 Depth=2
	.loc	2 68 3                  @ ../APP/Src/common.c:68:3
	b	.LBB2_20
.Ltmp38:
.LBB2_20:                               @   in Loop: Header=BB2_16 Depth=2
	.loc	2 60 20                 @ ../APP/Src/common.c:60:20
	ldr	r0, [sp, #36]
	adds	r0, r0, #1
	add	r1, sp, #36
	strb	r0, [r1]
	.loc	2 60 3 is_stmt 0        @ ../APP/Src/common.c:60:3
	b	.LBB2_16
.Ltmp39:
.LBB2_21:                               @   in Loop: Header=BB2_14 Depth=1
	.loc	2 69 2 is_stmt 1        @ ../APP/Src/common.c:69:2
	b	.LBB2_22
.Ltmp40:
.LBB2_22:                               @   in Loop: Header=BB2_14 Depth=1
	.loc	2 58 17                 @ ../APP/Src/common.c:58:17
	ldr	r0, [sp, #40]
	adds	r0, r0, #1
	add	r1, sp, #40
	strb	r0, [r1]
	.loc	2 58 2 is_stmt 0        @ ../APP/Src/common.c:58:2
	b	.LBB2_14
.Ltmp41:
.LBB2_23:
	.loc	2 73 13 is_stmt 1       @ ../APP/Src/common.c:73:13
	ldr	r0, [sp, #8]
	.loc	2 73 21 is_stmt 0       @ ../APP/Src/common.c:73:21
	ldr	r1, [sp, #12]
	.loc	2 73 20                 @ ../APP/Src/common.c:73:20
	adds	r0, r0, r1
	.loc	2 73 29                 @ ../APP/Src/common.c:73:29
	ldr	r1, [sp, #16]
	.loc	2 73 28                 @ ../APP/Src/common.c:73:28
	adds	r0, r0, r1
	.loc	2 73 37                 @ ../APP/Src/common.c:73:37
	ldr	r1, [sp, #20]
	.loc	2 73 36                 @ ../APP/Src/common.c:73:36
	adds	r0, r0, r1
	.loc	2 73 45                 @ ../APP/Src/common.c:73:45
	ldr	r1, [sp, #24]
	.loc	2 73 44                 @ ../APP/Src/common.c:73:44
	adds	r0, r0, r1
	.loc	2 73 11                 @ ../APP/Src/common.c:73:11
	str	r0, [sp]
	.loc	2 76 9 is_stmt 1        @ ../APP/Src/common.c:76:9
	ldr	r0, [sp]
	add	r1, sp, #48
	.loc	2 76 2 is_stmt 0        @ ../APP/Src/common.c:76:2
	strh	r0, [r1]
	b	.LBB2_24
.LBB2_24:
	.loc	2 0 2                   @ ../APP/Src/common.c:0:2
	add	r0, sp, #48
	.loc	2 77 1 is_stmt 1        @ ../APP/Src/common.c:77:1
	ldrh	r0, [r0]
	add	sp, #52
	bx	lr
.Ltmp42:
	.p2align	2
@ %bb.25:
	.loc	2 0 1 is_stmt 0         @ ../APP/Src/common.c:0:1
__arm_cp.2_0:
	.long	signs
.Lcpi_end0:
	.size	__arm_cp.2_0, .Lcpi_end0-__arm_cp.2_0
__arm_cp.2_1:
	.long	initial
.Lcpi_end1:
	.size	__arm_cp.2_1, .Lcpi_end1-__arm_cp.2_1
__arm_cp.2_2:
	.long	Get_filter.buf_PCap
.Lcpi_end2:
	.size	__arm_cp.2_2, .Lcpi_end2-__arm_cp.2_2
__arm_cp.2_3:
	.long	Get_filter.buf2
.Lcpi_end3:
	.size	__arm_cp.2_3, .Lcpi_end3-__arm_cp.2_3
.Lfunc_end2:
	.size	Get_filter, .Lfunc_end2-Get_filter
	.cfi_endproc
	.cantunwind
	.fnend
                                        @ -- End function
	.section	.text.Unshort2Array,"ax",%progbits
	.hidden	Unshort2Array           @ -- Begin function Unshort2Array
	.globl	Unshort2Array
	.p2align	1
	.type	Unshort2Array,%function
	.code	16                      @ @Unshort2Array
	.thumb_func
Unshort2Array:
.Lfunc_begin3:
	.loc	2 91 0 is_stmt 1        @ ../APP/Src/common.c:91:0
	.fnstart
	.cfi_startproc
@ %bb.0:
	.pad	#8
	sub	sp, #8
	.cfi_def_cfa_offset 8
	mov	r2, r0
	add	r3, sp, #4
	strh	r0, [r3]
	str	r1, [sp]
.Ltmp43:
	.loc	2 92 14 prologue_end    @ ../APP/Src/common.c:92:14
	ldrb	r0, [r3, #1]
	.loc	2 92 6 is_stmt 0        @ ../APP/Src/common.c:92:6
	ldr	r1, [sp]
	.loc	2 92 12                 @ ../APP/Src/common.c:92:12
	strb	r0, [r1]
	.loc	2 93 20 is_stmt 1       @ ../APP/Src/common.c:93:20
	ldr	r0, [sp, #4]
	.loc	2 93 7 is_stmt 0        @ ../APP/Src/common.c:93:7
	ldr	r1, [sp]
	.loc	2 93 18                 @ ../APP/Src/common.c:93:18
	strb	r0, [r1, #1]
	.loc	2 94 1 is_stmt 1        @ ../APP/Src/common.c:94:1
	add	sp, #8
	bx	lr
.Ltmp44:
.Lfunc_end3:
	.size	Unshort2Array, .Lfunc_end3-Unshort2Array
	.cfi_endproc
	.cantunwind
	.fnend
                                        @ -- End function
	.section	.text.long32Array,"ax",%progbits
	.hidden	long32Array             @ -- Begin function long32Array
	.globl	long32Array
	.p2align	1
	.type	long32Array,%function
	.code	16                      @ @long32Array
	.thumb_func
long32Array:
.Lfunc_begin4:
	.loc	2 110 0                 @ ../APP/Src/common.c:110:0
	.fnstart
	.cfi_startproc
@ %bb.0:
	.pad	#8
	sub	sp, #8
	.cfi_def_cfa_offset 8
	str	r0, [sp, #4]
	str	r1, [sp]
	add	r0, sp, #4
.Ltmp45:
	.loc	2 114 13 prologue_end   @ ../APP/Src/common.c:114:13
	ldrb	r1, [r0, #3]
	.loc	2 114 5 is_stmt 0       @ ../APP/Src/common.c:114:5
	ldr	r2, [sp]
	.loc	2 114 11                @ ../APP/Src/common.c:114:11
	strb	r1, [r2]
	.loc	2 115 19 is_stmt 1      @ ../APP/Src/common.c:115:19
	ldrb	r1, [r0, #2]
	.loc	2 115 6 is_stmt 0       @ ../APP/Src/common.c:115:6
	ldr	r2, [sp]
	.loc	2 115 17                @ ../APP/Src/common.c:115:17
	strb	r1, [r2, #1]
	.loc	2 116 19 is_stmt 1      @ ../APP/Src/common.c:116:19
	ldrb	r0, [r0, #1]
	.loc	2 116 6 is_stmt 0       @ ../APP/Src/common.c:116:6
	ldr	r1, [sp]
	.loc	2 116 17                @ ../APP/Src/common.c:116:17
	strb	r0, [r1, #2]
	.loc	2 117 19 is_stmt 1      @ ../APP/Src/common.c:117:19
	ldr	r0, [sp, #4]
	.loc	2 117 6 is_stmt 0       @ ../APP/Src/common.c:117:6
	ldr	r1, [sp]
	.loc	2 117 17                @ ../APP/Src/common.c:117:17
	strb	r0, [r1, #3]
	.loc	2 119 1 is_stmt 1       @ ../APP/Src/common.c:119:1
	add	sp, #8
	bx	lr
.Ltmp46:
.Lfunc_end4:
	.size	long32Array, .Lfunc_end4-long32Array
	.cfi_endproc
	.cantunwind
	.fnend
                                        @ -- End function
	.section	.text.Unlong2Array,"ax",%progbits
	.hidden	Unlong2Array            @ -- Begin function Unlong2Array
	.globl	Unlong2Array
	.p2align	1
	.type	Unlong2Array,%function
	.code	16                      @ @Unlong2Array
	.thumb_func
Unlong2Array:
.Lfunc_begin5:
	.loc	2 134 0                 @ ../APP/Src/common.c:134:0
	.fnstart
	.cfi_startproc
@ %bb.0:
	.pad	#12
	sub	sp, #12
	.cfi_def_cfa_offset 12
	str	r0, [sp, #8]
	str	r1, [sp, #4]
	mov	r0, sp
	movs	r1, #0
.Ltmp47:
	.loc	2 136 11 prologue_end   @ ../APP/Src/common.c:136:11
	strb	r1, [r0]
	.loc	2 136 9 is_stmt 0       @ ../APP/Src/common.c:136:9
	b	.LBB5_1
.LBB5_1:                                @ =>This Inner Loop Header: Depth=1
	.loc	2 0 9                   @ ../APP/Src/common.c:0:9
	mov	r0, sp
.Ltmp48:
	.loc	2 136 16                @ ../APP/Src/common.c:136:16
	ldrb	r0, [r0]
.Ltmp49:
	.loc	2 136 5                 @ ../APP/Src/common.c:136:5
	cmp	r0, #3
	bgt	.LBB5_4
	b	.LBB5_2
.LBB5_2:                                @   in Loop: Header=BB5_1 Depth=1
	.loc	2 0 5                   @ ../APP/Src/common.c:0:5
	mov	r0, sp
.Ltmp50:
	.loc	2 138 54 is_stmt 1      @ ../APP/Src/common.c:138:54
	ldrb	r0, [r0]
	add	r1, sp, #8
	.loc	2 138 48 is_stmt 0      @ ../APP/Src/common.c:138:48
	subs	r1, r1, r0
	.loc	2 138 24                @ ../APP/Src/common.c:138:24
	ldrb	r1, [r1, #3]
	.loc	2 138 11                @ ../APP/Src/common.c:138:11
	ldr	r2, [sp, #4]
	.loc	2 138 22                @ ../APP/Src/common.c:138:22
	strb	r1, [r2, r0]
	.loc	2 139 5 is_stmt 1       @ ../APP/Src/common.c:139:5
	b	.LBB5_3
.Ltmp51:
.LBB5_3:                                @   in Loop: Header=BB5_1 Depth=1
	.loc	2 136 24                @ ../APP/Src/common.c:136:24
	ldr	r0, [sp]
	adds	r0, r0, #1
	mov	r1, sp
	strb	r0, [r1]
	.loc	2 136 5 is_stmt 0       @ ../APP/Src/common.c:136:5
	b	.LBB5_1
.Ltmp52:
.LBB5_4:
	.loc	2 140 1 is_stmt 1       @ ../APP/Src/common.c:140:1
	add	sp, #12
	bx	lr
.Ltmp53:
.Lfunc_end5:
	.size	Unlong2Array, .Lfunc_end5-Unlong2Array
	.cfi_endproc
	.cantunwind
	.fnend
                                        @ -- End function
	.hidden	signs                   @ @signs
	.type	signs,%object
	.section	.bss.signs,"aw",%nobits
	.globl	signs
signs:
.Lsigns$local:
	.byte	0                       @ 0x0
	.size	signs, 1

	.hidden	initial                 @ @initial
	.type	initial,%object
	.section	.bss.initial,"aw",%nobits
	.globl	initial
initial:
.Linitial$local:
	.byte	0                       @ 0x0
	.size	initial, 1

	.type	Get_filter.buf_PCap,%object @ @Get_filter.buf_PCap
	.section	.bss.Get_filter.buf_PCap,"aw",%nobits
	.p2align	2
Get_filter.buf_PCap:
	.zero	36
	.size	Get_filter.buf_PCap, 36

	.type	Get_filter.buf2,%object @ @Get_filter.buf2
	.section	.bss.Get_filter.buf2,"aw",%nobits
	.p2align	2
Get_filter.buf2:
	.long	0                       @ 0x0
	.size	Get_filter.buf2, 4

	.section	.debug_str,"MS",%progbits,1
.Linfo_string0:
	.asciz	"Component: ARM Compiler 6.14 Tool: armclang [5db06c00]" @ string offset=0
.Linfo_string1:
	.asciz	"../APP/Src\\common.c"  @ string offset=55
.Linfo_string2:
	.asciz	"E:\\project\\product\\GD32\\E230 -  ZFZ-F8\\MDK-ARM" @ string offset=75
.Linfo_string3:
	.asciz	"signs"                 @ string offset=122
.Linfo_string4:
	.asciz	"unsigned char"         @ string offset=128
.Linfo_string5:
	.asciz	"uint8_t"               @ string offset=142
.Linfo_string6:
	.asciz	"initial"               @ string offset=150
.Linfo_string7:
	.asciz	"buf_PCap"              @ string offset=158
.Linfo_string8:
	.asciz	"unsigned int"          @ string offset=167
.Linfo_string9:
	.asciz	"uint32_t"              @ string offset=180
.Linfo_string10:
	.asciz	"__ARRAY_SIZE_TYPE__"   @ string offset=189
.Linfo_string11:
	.asciz	"buf2"                  @ string offset=209
.Linfo_string12:
	.asciz	"Delay_Ms"              @ string offset=214
.Linfo_string13:
	.asciz	"Delay_Us"              @ string offset=223
.Linfo_string14:
	.asciz	"Get_filter"            @ string offset=232
.Linfo_string15:
	.asciz	"unsigned short"        @ string offset=243
.Linfo_string16:
	.asciz	"uint16_t"              @ string offset=258
.Linfo_string17:
	.asciz	"Unshort2Array"         @ string offset=267
.Linfo_string18:
	.asciz	"long32Array"           @ string offset=281
.Linfo_string19:
	.asciz	"Unlong2Array"          @ string offset=293
.Linfo_string20:
	.asciz	"cnt"                   @ string offset=306
.Linfo_string21:
	.asciz	"PCap_buf"              @ string offset=310
.Linfo_string22:
	.asciz	"i"                     @ string offset=319
.Linfo_string23:
	.asciz	"j"                     @ string offset=321
.Linfo_string24:
	.asciz	"buf1"                  @ string offset=323
.Linfo_string25:
	.asciz	"bufz"                  @ string offset=328
.Linfo_string26:
	.asciz	"buf3"                  @ string offset=333
.Linfo_string27:
	.asciz	"SourceData"            @ string offset=338
.Linfo_string28:
	.asciz	"Array"                 @ string offset=349
	.section	.debug_abbrev,"",%progbits
	.byte	1                       @ Abbreviation Code
	.byte	17                      @ DW_TAG_compile_unit
	.byte	1                       @ DW_CHILDREN_yes
	.byte	37                      @ DW_AT_producer
	.byte	14                      @ DW_FORM_strp
	.byte	19                      @ DW_AT_language
	.byte	5                       @ DW_FORM_data2
	.byte	3                       @ DW_AT_name
	.byte	14                      @ DW_FORM_strp
	.byte	16                      @ DW_AT_stmt_list
	.byte	6                       @ DW_FORM_data4
	.byte	27                      @ DW_AT_comp_dir
	.byte	14                      @ DW_FORM_strp
	.byte	17                      @ DW_AT_low_pc
	.byte	1                       @ DW_FORM_addr
	.byte	85                      @ DW_AT_ranges
	.byte	6                       @ DW_FORM_data4
	.byte	0                       @ EOM(1)
	.byte	0                       @ EOM(2)
	.byte	2                       @ Abbreviation Code
	.byte	52                      @ DW_TAG_variable
	.byte	0                       @ DW_CHILDREN_no
	.byte	3                       @ DW_AT_name
	.byte	14                      @ DW_FORM_strp
	.byte	73                      @ DW_AT_type
	.byte	19                      @ DW_FORM_ref4
	.byte	63                      @ DW_AT_external
	.byte	12                      @ DW_FORM_flag
	.byte	58                      @ DW_AT_decl_file
	.byte	11                      @ DW_FORM_data1
	.byte	59                      @ DW_AT_decl_line
	.byte	11                      @ DW_FORM_data1
	.byte	2                       @ DW_AT_location
	.byte	10                      @ DW_FORM_block1
	.byte	0                       @ EOM(1)
	.byte	0                       @ EOM(2)
	.byte	3                       @ Abbreviation Code
	.byte	22                      @ DW_TAG_typedef
	.byte	0                       @ DW_CHILDREN_no
	.byte	73                      @ DW_AT_type
	.byte	19                      @ DW_FORM_ref4
	.byte	3                       @ DW_AT_name
	.byte	14                      @ DW_FORM_strp
	.byte	58                      @ DW_AT_decl_file
	.byte	11                      @ DW_FORM_data1
	.byte	59                      @ DW_AT_decl_line
	.byte	11                      @ DW_FORM_data1
	.byte	0                       @ EOM(1)
	.byte	0                       @ EOM(2)
	.byte	4                       @ Abbreviation Code
	.byte	36                      @ DW_TAG_base_type
	.byte	0                       @ DW_CHILDREN_no
	.byte	3                       @ DW_AT_name
	.byte	14                      @ DW_FORM_strp
	.byte	62                      @ DW_AT_encoding
	.byte	11                      @ DW_FORM_data1
	.byte	11                      @ DW_AT_byte_size
	.byte	11                      @ DW_FORM_data1
	.byte	0                       @ EOM(1)
	.byte	0                       @ EOM(2)
	.byte	5                       @ Abbreviation Code
	.byte	46                      @ DW_TAG_subprogram
	.byte	1                       @ DW_CHILDREN_yes
	.byte	17                      @ DW_AT_low_pc
	.byte	1                       @ DW_FORM_addr
	.byte	18                      @ DW_AT_high_pc
	.byte	1                       @ DW_FORM_addr
	.byte	64                      @ DW_AT_frame_base
	.byte	10                      @ DW_FORM_block1
	.byte	3                       @ DW_AT_name
	.byte	14                      @ DW_FORM_strp
	.byte	58                      @ DW_AT_decl_file
	.byte	11                      @ DW_FORM_data1
	.byte	59                      @ DW_AT_decl_line
	.byte	11                      @ DW_FORM_data1
	.byte	39                      @ DW_AT_prototyped
	.byte	12                      @ DW_FORM_flag
	.byte	73                      @ DW_AT_type
	.byte	19                      @ DW_FORM_ref4
	.byte	63                      @ DW_AT_external
	.byte	12                      @ DW_FORM_flag
	.byte	0                       @ EOM(1)
	.byte	0                       @ EOM(2)
	.byte	6                       @ Abbreviation Code
	.byte	52                      @ DW_TAG_variable
	.byte	0                       @ DW_CHILDREN_no
	.byte	3                       @ DW_AT_name
	.byte	14                      @ DW_FORM_strp
	.byte	73                      @ DW_AT_type
	.byte	19                      @ DW_FORM_ref4
	.byte	58                      @ DW_AT_decl_file
	.byte	11                      @ DW_FORM_data1
	.byte	59                      @ DW_AT_decl_line
	.byte	11                      @ DW_FORM_data1
	.byte	2                       @ DW_AT_location
	.byte	10                      @ DW_FORM_block1
	.byte	0                       @ EOM(1)
	.byte	0                       @ EOM(2)
	.byte	7                       @ Abbreviation Code
	.byte	5                       @ DW_TAG_formal_parameter
	.byte	0                       @ DW_CHILDREN_no
	.byte	2                       @ DW_AT_location
	.byte	10                      @ DW_FORM_block1
	.byte	3                       @ DW_AT_name
	.byte	14                      @ DW_FORM_strp
	.byte	58                      @ DW_AT_decl_file
	.byte	11                      @ DW_FORM_data1
	.byte	59                      @ DW_AT_decl_line
	.byte	11                      @ DW_FORM_data1
	.byte	73                      @ DW_AT_type
	.byte	19                      @ DW_FORM_ref4
	.byte	0                       @ EOM(1)
	.byte	0                       @ EOM(2)
	.byte	8                       @ Abbreviation Code
	.byte	52                      @ DW_TAG_variable
	.byte	0                       @ DW_CHILDREN_no
	.byte	2                       @ DW_AT_location
	.byte	10                      @ DW_FORM_block1
	.byte	3                       @ DW_AT_name
	.byte	14                      @ DW_FORM_strp
	.byte	58                      @ DW_AT_decl_file
	.byte	11                      @ DW_FORM_data1
	.byte	59                      @ DW_AT_decl_line
	.byte	11                      @ DW_FORM_data1
	.byte	73                      @ DW_AT_type
	.byte	19                      @ DW_FORM_ref4
	.byte	0                       @ EOM(1)
	.byte	0                       @ EOM(2)
	.byte	9                       @ Abbreviation Code
	.byte	1                       @ DW_TAG_array_type
	.byte	1                       @ DW_CHILDREN_yes
	.byte	73                      @ DW_AT_type
	.byte	19                      @ DW_FORM_ref4
	.byte	0                       @ EOM(1)
	.byte	0                       @ EOM(2)
	.byte	10                      @ Abbreviation Code
	.byte	33                      @ DW_TAG_subrange_type
	.byte	0                       @ DW_CHILDREN_no
	.byte	73                      @ DW_AT_type
	.byte	19                      @ DW_FORM_ref4
	.byte	55                      @ DW_AT_count
	.byte	11                      @ DW_FORM_data1
	.byte	0                       @ EOM(1)
	.byte	0                       @ EOM(2)
	.byte	11                      @ Abbreviation Code
	.byte	36                      @ DW_TAG_base_type
	.byte	0                       @ DW_CHILDREN_no
	.byte	3                       @ DW_AT_name
	.byte	14                      @ DW_FORM_strp
	.byte	11                      @ DW_AT_byte_size
	.byte	11                      @ DW_FORM_data1
	.byte	62                      @ DW_AT_encoding
	.byte	11                      @ DW_FORM_data1
	.byte	0                       @ EOM(1)
	.byte	0                       @ EOM(2)
	.byte	12                      @ Abbreviation Code
	.byte	15                      @ DW_TAG_pointer_type
	.byte	0                       @ DW_CHILDREN_no
	.byte	73                      @ DW_AT_type
	.byte	19                      @ DW_FORM_ref4
	.byte	0                       @ EOM(1)
	.byte	0                       @ EOM(2)
	.byte	13                      @ Abbreviation Code
	.byte	46                      @ DW_TAG_subprogram
	.byte	1                       @ DW_CHILDREN_yes
	.byte	17                      @ DW_AT_low_pc
	.byte	1                       @ DW_FORM_addr
	.byte	18                      @ DW_AT_high_pc
	.byte	1                       @ DW_FORM_addr
	.byte	64                      @ DW_AT_frame_base
	.byte	10                      @ DW_FORM_block1
	.byte	3                       @ DW_AT_name
	.byte	14                      @ DW_FORM_strp
	.byte	58                      @ DW_AT_decl_file
	.byte	11                      @ DW_FORM_data1
	.byte	59                      @ DW_AT_decl_line
	.byte	11                      @ DW_FORM_data1
	.byte	39                      @ DW_AT_prototyped
	.byte	12                      @ DW_FORM_flag
	.byte	63                      @ DW_AT_external
	.byte	12                      @ DW_FORM_flag
	.byte	0                       @ EOM(1)
	.byte	0                       @ EOM(2)
	.byte	0                       @ EOM(3)
	.section	.debug_info,"",%progbits
.Lcu_begin0:
	.long	.Ldebug_info_end0-.Ldebug_info_start0 @ Length of Unit
.Ldebug_info_start0:
	.short	3                       @ DWARF version number
	.long	.debug_abbrev           @ Offset Into Abbrev. Section
	.byte	4                       @ Address Size (in bytes)
	.byte	1                       @ Abbrev [1] 0xb:0x20a DW_TAG_compile_unit
	.long	.Linfo_string0          @ DW_AT_producer
	.short	12                      @ DW_AT_language
	.long	.Linfo_string1          @ DW_AT_name
	.long	.Lline_table_start0     @ DW_AT_stmt_list
	.long	.Linfo_string2          @ DW_AT_comp_dir
	.long	0                       @ DW_AT_low_pc
	.long	.Ldebug_ranges0         @ DW_AT_ranges
	.byte	2                       @ Abbrev [2] 0x26:0x12 DW_TAG_variable
	.long	.Linfo_string3          @ DW_AT_name
	.long	56                      @ DW_AT_type
	.byte	1                       @ DW_AT_external
	.byte	2                       @ DW_AT_decl_file
	.byte	19                      @ DW_AT_decl_line
	.byte	5                       @ DW_AT_location
	.byte	3
	.long	signs
	.byte	3                       @ Abbrev [3] 0x38:0xb DW_TAG_typedef
	.long	67                      @ DW_AT_type
	.long	.Linfo_string5          @ DW_AT_name
	.byte	1                       @ DW_AT_decl_file
	.byte	62                      @ DW_AT_decl_line
	.byte	4                       @ Abbrev [4] 0x43:0x7 DW_TAG_base_type
	.long	.Linfo_string4          @ DW_AT_name
	.byte	8                       @ DW_AT_encoding
	.byte	1                       @ DW_AT_byte_size
	.byte	2                       @ Abbrev [2] 0x4a:0x12 DW_TAG_variable
	.long	.Linfo_string6          @ DW_AT_name
	.long	56                      @ DW_AT_type
	.byte	1                       @ DW_AT_external
	.byte	2                       @ DW_AT_decl_file
	.byte	19                      @ DW_AT_decl_line
	.byte	5                       @ DW_AT_location
	.byte	3
	.long	initial
	.byte	5                       @ Abbrev [5] 0x5c:0x8e DW_TAG_subprogram
	.long	.Lfunc_begin2           @ DW_AT_low_pc
	.long	.Lfunc_end2             @ DW_AT_high_pc
	.byte	1                       @ DW_AT_frame_base
	.byte	93
	.long	.Linfo_string14         @ DW_AT_name
	.byte	2                       @ DW_AT_decl_file
	.byte	21                      @ DW_AT_decl_line
	.byte	1                       @ DW_AT_prototyped
	.long	502                     @ DW_AT_type
	.byte	1                       @ DW_AT_external
	.byte	6                       @ Abbrev [6] 0x73:0x11 DW_TAG_variable
	.long	.Linfo_string7          @ DW_AT_name
	.long	234                     @ DW_AT_type
	.byte	2                       @ DW_AT_decl_file
	.byte	25                      @ DW_AT_decl_line
	.byte	5                       @ DW_AT_location
	.byte	3
	.long	Get_filter.buf_PCap
	.byte	6                       @ Abbrev [6] 0x84:0x11 DW_TAG_variable
	.long	.Linfo_string11         @ DW_AT_name
	.long	246                     @ DW_AT_type
	.byte	2                       @ DW_AT_decl_file
	.byte	25                      @ DW_AT_decl_line
	.byte	5                       @ DW_AT_location
	.byte	3
	.long	Get_filter.buf2
	.byte	7                       @ Abbrev [7] 0x95:0xe DW_TAG_formal_parameter
	.byte	2                       @ DW_AT_location
	.byte	145
	.byte	44
	.long	.Linfo_string21         @ DW_AT_name
	.byte	2                       @ DW_AT_decl_file
	.byte	21                      @ DW_AT_decl_line
	.long	502                     @ DW_AT_type
	.byte	8                       @ Abbrev [8] 0xa3:0xe DW_TAG_variable
	.byte	2                       @ DW_AT_location
	.byte	145
	.byte	40
	.long	.Linfo_string22         @ DW_AT_name
	.byte	2                       @ DW_AT_decl_file
	.byte	23                      @ DW_AT_decl_line
	.long	56                      @ DW_AT_type
	.byte	8                       @ Abbrev [8] 0xb1:0xe DW_TAG_variable
	.byte	2                       @ DW_AT_location
	.byte	145
	.byte	36
	.long	.Linfo_string23         @ DW_AT_name
	.byte	2                       @ DW_AT_decl_file
	.byte	23                      @ DW_AT_decl_line
	.long	56                      @ DW_AT_type
	.byte	8                       @ Abbrev [8] 0xbf:0xe DW_TAG_variable
	.byte	2                       @ DW_AT_location
	.byte	145
	.byte	32
	.long	.Linfo_string24         @ DW_AT_name
	.byte	2                       @ DW_AT_decl_file
	.byte	24                      @ DW_AT_decl_line
	.long	246                     @ DW_AT_type
	.byte	8                       @ Abbrev [8] 0xcd:0xe DW_TAG_variable
	.byte	2                       @ DW_AT_location
	.byte	145
	.byte	4
	.long	.Linfo_string25         @ DW_AT_name
	.byte	2                       @ DW_AT_decl_file
	.byte	24                      @ DW_AT_decl_line
	.long	520                     @ DW_AT_type
	.byte	8                       @ Abbrev [8] 0xdb:0xe DW_TAG_variable
	.byte	2                       @ DW_AT_location
	.byte	145
	.byte	0
	.long	.Linfo_string26         @ DW_AT_name
	.byte	2                       @ DW_AT_decl_file
	.byte	26                      @ DW_AT_decl_line
	.long	246                     @ DW_AT_type
	.byte	0                       @ End Of Children Mark
	.byte	9                       @ Abbrev [9] 0xea:0xc DW_TAG_array_type
	.long	246                     @ DW_AT_type
	.byte	10                      @ Abbrev [10] 0xef:0x6 DW_TAG_subrange_type
	.long	264                     @ DW_AT_type
	.byte	9                       @ DW_AT_count
	.byte	0                       @ End Of Children Mark
	.byte	3                       @ Abbrev [3] 0xf6:0xb DW_TAG_typedef
	.long	257                     @ DW_AT_type
	.long	.Linfo_string9          @ DW_AT_name
	.byte	1                       @ DW_AT_decl_file
	.byte	64                      @ DW_AT_decl_line
	.byte	4                       @ Abbrev [4] 0x101:0x7 DW_TAG_base_type
	.long	.Linfo_string8          @ DW_AT_name
	.byte	7                       @ DW_AT_encoding
	.byte	4                       @ DW_AT_byte_size
	.byte	11                      @ Abbrev [11] 0x108:0x7 DW_TAG_base_type
	.long	.Linfo_string10         @ DW_AT_name
	.byte	8                       @ DW_AT_byte_size
	.byte	7                       @ DW_AT_encoding
	.byte	12                      @ Abbrev [12] 0x10f:0x5 DW_TAG_pointer_type
	.long	56                      @ DW_AT_type
	.byte	13                      @ Abbrev [13] 0x114:0x22 DW_TAG_subprogram
	.long	.Lfunc_begin0           @ DW_AT_low_pc
	.long	.Lfunc_end0             @ DW_AT_high_pc
	.byte	1                       @ DW_AT_frame_base
	.byte	93
	.long	.Linfo_string12         @ DW_AT_name
	.byte	2                       @ DW_AT_decl_file
	.byte	3                       @ DW_AT_decl_line
	.byte	1                       @ DW_AT_prototyped
	.byte	1                       @ DW_AT_external
	.byte	7                       @ Abbrev [7] 0x127:0xe DW_TAG_formal_parameter
	.byte	2                       @ DW_AT_location
	.byte	145
	.byte	0
	.long	.Linfo_string20         @ DW_AT_name
	.byte	2                       @ DW_AT_decl_file
	.byte	3                       @ DW_AT_decl_line
	.long	246                     @ DW_AT_type
	.byte	0                       @ End Of Children Mark
	.byte	13                      @ Abbrev [13] 0x136:0x22 DW_TAG_subprogram
	.long	.Lfunc_begin1           @ DW_AT_low_pc
	.long	.Lfunc_end1             @ DW_AT_high_pc
	.byte	1                       @ DW_AT_frame_base
	.byte	93
	.long	.Linfo_string13         @ DW_AT_name
	.byte	2                       @ DW_AT_decl_file
	.byte	11                      @ DW_AT_decl_line
	.byte	1                       @ DW_AT_prototyped
	.byte	1                       @ DW_AT_external
	.byte	7                       @ Abbrev [7] 0x149:0xe DW_TAG_formal_parameter
	.byte	2                       @ DW_AT_location
	.byte	145
	.byte	0
	.long	.Linfo_string20         @ DW_AT_name
	.byte	2                       @ DW_AT_decl_file
	.byte	11                      @ DW_AT_decl_line
	.long	246                     @ DW_AT_type
	.byte	0                       @ End Of Children Mark
	.byte	13                      @ Abbrev [13] 0x158:0x30 DW_TAG_subprogram
	.long	.Lfunc_begin3           @ DW_AT_low_pc
	.long	.Lfunc_end3             @ DW_AT_high_pc
	.byte	1                       @ DW_AT_frame_base
	.byte	93
	.long	.Linfo_string17         @ DW_AT_name
	.byte	2                       @ DW_AT_decl_file
	.byte	90                      @ DW_AT_decl_line
	.byte	1                       @ DW_AT_prototyped
	.byte	1                       @ DW_AT_external
	.byte	7                       @ Abbrev [7] 0x16b:0xe DW_TAG_formal_parameter
	.byte	2                       @ DW_AT_location
	.byte	145
	.byte	4
	.long	.Linfo_string27         @ DW_AT_name
	.byte	2                       @ DW_AT_decl_file
	.byte	90                      @ DW_AT_decl_line
	.long	502                     @ DW_AT_type
	.byte	7                       @ Abbrev [7] 0x179:0xe DW_TAG_formal_parameter
	.byte	2                       @ DW_AT_location
	.byte	145
	.byte	0
	.long	.Linfo_string28         @ DW_AT_name
	.byte	2                       @ DW_AT_decl_file
	.byte	90                      @ DW_AT_decl_line
	.long	271                     @ DW_AT_type
	.byte	0                       @ End Of Children Mark
	.byte	13                      @ Abbrev [13] 0x188:0x30 DW_TAG_subprogram
	.long	.Lfunc_begin4           @ DW_AT_low_pc
	.long	.Lfunc_end4             @ DW_AT_high_pc
	.byte	1                       @ DW_AT_frame_base
	.byte	93
	.long	.Linfo_string18         @ DW_AT_name
	.byte	2                       @ DW_AT_decl_file
	.byte	109                     @ DW_AT_decl_line
	.byte	1                       @ DW_AT_prototyped
	.byte	1                       @ DW_AT_external
	.byte	7                       @ Abbrev [7] 0x19b:0xe DW_TAG_formal_parameter
	.byte	2                       @ DW_AT_location
	.byte	145
	.byte	4
	.long	.Linfo_string27         @ DW_AT_name
	.byte	2                       @ DW_AT_decl_file
	.byte	109                     @ DW_AT_decl_line
	.long	246                     @ DW_AT_type
	.byte	7                       @ Abbrev [7] 0x1a9:0xe DW_TAG_formal_parameter
	.byte	2                       @ DW_AT_location
	.byte	145
	.byte	0
	.long	.Linfo_string28         @ DW_AT_name
	.byte	2                       @ DW_AT_decl_file
	.byte	109                     @ DW_AT_decl_line
	.long	271                     @ DW_AT_type
	.byte	0                       @ End Of Children Mark
	.byte	13                      @ Abbrev [13] 0x1b8:0x3e DW_TAG_subprogram
	.long	.Lfunc_begin5           @ DW_AT_low_pc
	.long	.Lfunc_end5             @ DW_AT_high_pc
	.byte	1                       @ DW_AT_frame_base
	.byte	93
	.long	.Linfo_string19         @ DW_AT_name
	.byte	2                       @ DW_AT_decl_file
	.byte	133                     @ DW_AT_decl_line
	.byte	1                       @ DW_AT_prototyped
	.byte	1                       @ DW_AT_external
	.byte	7                       @ Abbrev [7] 0x1cb:0xe DW_TAG_formal_parameter
	.byte	2                       @ DW_AT_location
	.byte	145
	.byte	8
	.long	.Linfo_string27         @ DW_AT_name
	.byte	2                       @ DW_AT_decl_file
	.byte	133                     @ DW_AT_decl_line
	.long	246                     @ DW_AT_type
	.byte	7                       @ Abbrev [7] 0x1d9:0xe DW_TAG_formal_parameter
	.byte	2                       @ DW_AT_location
	.byte	145
	.byte	4
	.long	.Linfo_string28         @ DW_AT_name
	.byte	2                       @ DW_AT_decl_file
	.byte	133                     @ DW_AT_decl_line
	.long	271                     @ DW_AT_type
	.byte	8                       @ Abbrev [8] 0x1e7:0xe DW_TAG_variable
	.byte	2                       @ DW_AT_location
	.byte	145
	.byte	0
	.long	.Linfo_string22         @ DW_AT_name
	.byte	2                       @ DW_AT_decl_file
	.byte	135                     @ DW_AT_decl_line
	.long	56                      @ DW_AT_type
	.byte	0                       @ End Of Children Mark
	.byte	3                       @ Abbrev [3] 0x1f6:0xb DW_TAG_typedef
	.long	513                     @ DW_AT_type
	.long	.Linfo_string16         @ DW_AT_name
	.byte	1                       @ DW_AT_decl_file
	.byte	63                      @ DW_AT_decl_line
	.byte	4                       @ Abbrev [4] 0x201:0x7 DW_TAG_base_type
	.long	.Linfo_string15         @ DW_AT_name
	.byte	7                       @ DW_AT_encoding
	.byte	2                       @ DW_AT_byte_size
	.byte	9                       @ Abbrev [9] 0x208:0xc DW_TAG_array_type
	.long	246                     @ DW_AT_type
	.byte	10                      @ Abbrev [10] 0x20d:0x6 DW_TAG_subrange_type
	.long	264                     @ DW_AT_type
	.byte	7                       @ DW_AT_count
	.byte	0                       @ End Of Children Mark
	.byte	0                       @ End Of Children Mark
.Ldebug_info_end0:
	.section	.debug_ranges,"",%progbits
.Ldebug_ranges0:
	.long	.Lfunc_begin0
	.long	.Lfunc_end0
	.long	.Lfunc_begin1
	.long	.Lfunc_end1
	.long	.Lfunc_begin2
	.long	.Lfunc_end2
	.long	.Lfunc_begin3
	.long	.Lfunc_end3
	.long	.Lfunc_begin4
	.long	.Lfunc_end4
	.long	.Lfunc_begin5
	.long	.Lfunc_end5
	.long	0
	.long	0
	.ident	"Component: ARM Compiler 6.14 Tool: armclang [5db06c00]"
	.section	".note.GNU-stack","",%progbits
	.eabi_attribute	30, 6	@ Tag_ABI_optimization_goals
	.ARM_attribute	16, 1	@ Tag_AV_eba
	.section	.debug_line,"",%progbits
.Lline_table_start0:
