Component: ARM Compiler 6.14 Tool: armlink [5db06800]

==============================================================================

Section Cross References

    gd32e230_it.o(.ARM.exidx.text.NMI_Handler) refers to gd32e230_it.o(.text.NMI_Handler) for [Anonymous Symbol]
    gd32e230_it.o(.ARM.exidx.text.HardFault_Handler) refers to gd32e230_it.o(.text.HardFault_Handler) for [Anonymous Symbol]
    gd32e230_it.o(.ARM.exidx.text.MemManage_Handler) refers to gd32e230_it.o(.text.MemManage_Handler) for [Anonymous Symbol]
    gd32e230_it.o(.ARM.exidx.text.BusFault_Handler) refers to gd32e230_it.o(.text.BusFault_Handler) for [Anonymous Symbol]
    gd32e230_it.o(.ARM.exidx.text.UsageFault_Handler) refers to gd32e230_it.o(.text.UsageFault_Handler) for [Anonymous Symbol]
    gd32e230_it.o(.ARM.exidx.text.SVC_Handler) refers to gd32e230_it.o(.text.SVC_Handler) for [Anonymous Symbol]
    gd32e230_it.o(.ARM.exidx.text.DebugMon_Handler) refers to gd32e230_it.o(.text.DebugMon_Handler) for [Anonymous Symbol]
    gd32e230_it.o(.ARM.exidx.text.PendSV_Handler) refers to gd32e230_it.o(.text.PendSV_Handler) for [Anonymous Symbol]
    gd32e230_it.o(.text.SysTick_Handler) refers to systick.o(.text.delay_decrement) for delay_decrement
    gd32e230_it.o(.ARM.exidx.text.SysTick_Handler) refers to gd32e230_it.o(.text.SysTick_Handler) for [Anonymous Symbol]
    main.o(.text.Led_Control) refers to gd32e230_gpio.o(.text.gpio_bit_write) for gpio_bit_write
    main.o(.ARM.exidx.text.Led_Control) refers to main.o(.text.Led_Control) for [Anonymous Symbol]
    main.o(.text.GPIO_Configuration) refers to gd32e230_rcu.o(.text.rcu_periph_clock_enable) for rcu_periph_clock_enable
    main.o(.text.GPIO_Configuration) refers to gd32e230_gpio.o(.text.gpio_mode_set) for gpio_mode_set
    main.o(.text.GPIO_Configuration) refers to gd32e230_gpio.o(.text.gpio_output_options_set) for gpio_output_options_set
    main.o(.ARM.exidx.text.GPIO_Configuration) refers to main.o(.text.GPIO_Configuration) for [Anonymous Symbol]
    main.o(.text.DRV_IWDG_Init) refers to gd32e230_rcu.o(.text.rcu_osci_on) for rcu_osci_on
    main.o(.text.DRV_IWDG_Init) refers to gd32e230_rcu.o(.text.rcu_osci_stab_wait) for rcu_osci_stab_wait
    main.o(.text.DRV_IWDG_Init) refers to gd32e230_fwdgt.o(.text.fwdgt_config) for fwdgt_config
    main.o(.text.DRV_IWDG_Init) refers to gd32e230_fwdgt.o(.text.fwdgt_enable) for fwdgt_enable
    main.o(.ARM.exidx.text.DRV_IWDG_Init) refers to main.o(.text.DRV_IWDG_Init) for [Anonymous Symbol]
    main.o(.text.rs485_Init) refers to gd32e230_rcu.o(.text.rcu_periph_clock_enable) for rcu_periph_clock_enable
    main.o(.text.rs485_Init) refers to gd32e230_gpio.o(.text.gpio_mode_set) for gpio_mode_set
    main.o(.text.rs485_Init) refers to gd32e230_gpio.o(.text.gpio_output_options_set) for gpio_output_options_set
    main.o(.text.rs485_Init) refers to gd32e230_gpio.o(.text.gpio_bit_reset) for gpio_bit_reset
    main.o(.ARM.exidx.text.rs485_Init) refers to main.o(.text.rs485_Init) for [Anonymous Symbol]
    main.o(.text.ZF_gpio_init) refers to gd32e230_rcu.o(.text.rcu_periph_clock_enable) for rcu_periph_clock_enable
    main.o(.text.ZF_gpio_init) refers to gd32e230_gpio.o(.text.gpio_mode_set) for gpio_mode_set
    main.o(.ARM.exidx.text.ZF_gpio_init) refers to main.o(.text.ZF_gpio_init) for [Anonymous Symbol]
    main.o(.text.ZF_exti_init) refers to gd32e230_rcu.o(.text.rcu_periph_clock_enable) for rcu_periph_clock_enable
    main.o(.text.ZF_exti_init) refers to gd32e230_misc.o(.text.nvic_irq_enable) for nvic_irq_enable
    main.o(.text.ZF_exti_init) refers to gd32e230_syscfg.o(.text.syscfg_exti_line_config) for syscfg_exti_line_config
    main.o(.text.ZF_exti_init) refers to gd32e230_exti.o(.text.exti_init) for exti_init
    main.o(.text.ZF_exti_init) refers to gd32e230_exti.o(.text.exti_interrupt_flag_clear) for exti_interrupt_flag_clear
    main.o(.ARM.exidx.text.ZF_exti_init) refers to main.o(.text.ZF_exti_init) for [Anonymous Symbol]
    main.o(.text.EXTI0_1_IRQHandler) refers to gd32e230_exti.o(.text.exti_interrupt_flag_get) for exti_interrupt_flag_get
    main.o(.text.EXTI0_1_IRQHandler) refers to gd32e230_exti.o(.text.exti_interrupt_flag_clear) for exti_interrupt_flag_clear
    main.o(.text.EXTI0_1_IRQHandler) refers to main.o(.bss.cnt_1) for cnt_1
    main.o(.ARM.exidx.text.EXTI0_1_IRQHandler) refers to main.o(.text.EXTI0_1_IRQHandler) for [Anonymous Symbol]
    main.o(.ARM.exidx.text.delayms) refers to main.o(.text.delayms) for [Anonymous Symbol]
    main.o(.text.main) refers to gd32e230_misc.o(.text.nvic_vector_table_set) for nvic_vector_table_set
    main.o(.text.main) refers to gd32e230_misc.o(.text.nvic_irq_enable) for nvic_irq_enable
    main.o(.text.main) refers to main.o(.text.com_gpio_init) for com_gpio_init
    main.o(.text.main) refers to main.o(.text.com_usart_init) for com_usart_init
    main.o(.text.main) refers to main.o(.text.GPIO_Configuration) for GPIO_Configuration
[...]
    Removing gd32e230_usart.o(.ARM.exidx.text.usart_block_length_config), (8 bytes).
    Removing gd32e230_usart.o(.text.usart_irda_mode_enable), (28 bytes).
    Removing gd32e230_usart.o(.ARM.exidx.text.usart_irda_mode_enable), (8 bytes).
    Removing gd32e230_usart.o(.text.usart_irda_mode_disable), (28 bytes).
    Removing gd32e230_usart.o(.ARM.exidx.text.usart_irda_mode_disable), (8 bytes).
    Removing gd32e230_usart.o(.text.usart_prescaler_config), (40 bytes).
    Removing gd32e230_usart.o(.ARM.exidx.text.usart_prescaler_config), (8 bytes).
    Removing gd32e230_usart.o(.text.usart_irda_lowpower_config), (42 bytes).
    Removing gd32e230_usart.o(.ARM.exidx.text.usart_irda_lowpower_config), (8 bytes).
    Removing gd32e230_usart.o(.text.usart_hardware_flow_rts_config), (42 bytes).
    Removing gd32e230_usart.o(.ARM.exidx.text.usart_hardware_flow_rts_config), (8 bytes).
    Removing gd32e230_usart.o(.text.usart_hardware_flow_cts_config), (42 bytes).
    Removing gd32e230_usart.o(.ARM.exidx.text.usart_hardware_flow_cts_config), (8 bytes).
    Removing gd32e230_usart.o(.text.usart_hardware_flow_coherence_config), (34 bytes).
    Removing gd32e230_usart.o(.ARM.exidx.text.usart_hardware_flow_coherence_config), (8 bytes).
    Removing gd32e230_usart.o(.text.usart_rs485_driver_enable), (30 bytes).
    Removing gd32e230_usart.o(.ARM.exidx.text.usart_rs485_driver_enable), (8 bytes).
    Removing gd32e230_usart.o(.text.usart_rs485_driver_disable), (30 bytes).
    Removing gd32e230_usart.o(.ARM.exidx.text.usart_rs485_driver_disable), (8 bytes).
    Removing gd32e230_usart.o(.text.usart_driver_assertime_config), (46 bytes).
    Removing gd32e230_usart.o(.ARM.exidx.text.usart_driver_assertime_config), (8 bytes).
    Removing gd32e230_usart.o(.text.usart_driver_deassertime_config), (46 bytes).
    Removing gd32e230_usart.o(.ARM.exidx.text.usart_driver_deassertime_config), (8 bytes).
    Removing gd32e230_usart.o(.text.usart_depolarity_config), (44 bytes).
    Removing gd32e230_usart.o(.ARM.exidx.text.usart_depolarity_config), (8 bytes).
    Removing gd32e230_usart.o(.text.usart_dma_receive_config), (30 bytes).
    Removing gd32e230_usart.o(.ARM.exidx.text.usart_dma_receive_config), (8 bytes).
    Removing gd32e230_usart.o(.text.usart_dma_transmit_config), (30 bytes).
    Removing gd32e230_usart.o(.ARM.exidx.text.usart_dma_transmit_config), (8 bytes).
    Removing gd32e230_usart.o(.text.usart_reception_error_dma_disable), (30 bytes).
    Removing gd32e230_usart.o(.ARM.exidx.text.usart_reception_error_dma_disable), (8 bytes).
    Removing gd32e230_usart.o(.text.usart_reception_error_dma_enable), (30 bytes).
    Removing gd32e230_usart.o(.ARM.exidx.text.usart_reception_error_dma_enable), (8 bytes).
    Removing gd32e230_usart.o(.text.usart_wakeup_enable), (18 bytes).
    Removing gd32e230_usart.o(.ARM.exidx.text.usart_wakeup_enable), (8 bytes).
    Removing gd32e230_usart.o(.text.usart_wakeup_disable), (18 bytes).
    Removing gd32e230_usart.o(.ARM.exidx.text.usart_wakeup_disable), (8 bytes).
    Removing gd32e230_usart.o(.text.usart_wakeup_mode_config), (44 bytes).
    Removing gd32e230_usart.o(.ARM.exidx.text.usart_wakeup_mode_config), (8 bytes).
    Removing gd32e230_usart.o(.text.usart_receive_fifo_enable), (22 bytes).
    Removing gd32e230_usart.o(.ARM.exidx.text.usart_receive_fifo_enable), (8 bytes).
    Removing gd32e230_usart.o(.text.usart_receive_fifo_disable), (22 bytes).
    Removing gd32e230_usart.o(.ARM.exidx.text.usart_receive_fifo_disable), (8 bytes).
    Removing gd32e230_usart.o(.text.usart_receive_fifo_counter_number), (22 bytes).
    Removing gd32e230_usart.o(.ARM.exidx.text.usart_receive_fifo_counter_number), (8 bytes).
    Removing gd32e230_usart.o(.text.usart_flag_get), (58 bytes).
    Removing gd32e230_usart.o(.ARM.exidx.text.usart_flag_get), (8 bytes).
    Removing gd32e230_usart.o(.text.usart_flag_clear), (32 bytes).
    Removing gd32e230_usart.o(.ARM.exidx.text.usart_flag_clear), (8 bytes).
    Removing gd32e230_usart.o(.ARM.exidx.text.usart_interrupt_enable), (8 bytes).
    Removing gd32e230_usart.o(.ARM.exidx.text.usart_interrupt_disable), (8 bytes).
    Removing gd32e230_usart.o(.text.usart_command_enable), (20 bytes).
    Removing gd32e230_usart.o(.ARM.exidx.text.usart_command_enable), (8 bytes).
    Removing gd32e230_usart.o(.ARM.exidx.text.usart_interrupt_flag_get), (8 bytes).
    Removing gd32e230_usart.o(.ARM.exidx.text.usart_interrupt_flag_clear), (8 bytes).
    Removing gd32e230_wwdgt.o(.text), (0 bytes).
    Removing gd32e230_wwdgt.o(.text.wwdgt_deinit), (28 bytes).
    Removing gd32e230_wwdgt.o(.ARM.exidx.text.wwdgt_deinit), (8 bytes).
    Removing gd32e230_wwdgt.o(.text.wwdgt_enable), (16 bytes).
    Removing gd32e230_wwdgt.o(.ARM.exidx.text.wwdgt_enable), (8 bytes).
    Removing gd32e230_wwdgt.o(.text.wwdgt_counter_update), (48 bytes).
    Removing gd32e230_wwdgt.o(.ARM.exidx.text.wwdgt_counter_update), (8 bytes).
    Removing gd32e230_wwdgt.o(.text.wwdgt_config), (96 bytes).
    Removing gd32e230_wwdgt.o(.ARM.exidx.text.wwdgt_config), (8 bytes).
    Removing gd32e230_wwdgt.o(.text.wwdgt_interrupt_enable), (20 bytes).
    Removing gd32e230_wwdgt.o(.ARM.exidx.text.wwdgt_interrupt_enable), (8 bytes).
    Removing gd32e230_wwdgt.o(.text.wwdgt_flag_get), (44 bytes).
    Removing gd32e230_wwdgt.o(.ARM.exidx.text.wwdgt_flag_get), (8 bytes).
    Removing gd32e230_wwdgt.o(.text.wwdgt_flag_clear), (16 bytes).
    Removing gd32e230_wwdgt.o(.ARM.exidx.text.wwdgt_flag_clear), (8 bytes).
    Removing gd32e230c_eval.o(.text), (0 bytes).
    Removing gd32e230c_eval.o(.text.gd_eval_led_init), (120 bytes).
    Removing gd32e230c_eval.o(.ARM.exidx.text.gd_eval_led_init), (8 bytes).
    Removing gd32e230c_eval.o(.text.gd_eval_led_on), (36 bytes).
    Removing gd32e230c_eval.o(.ARM.exidx.text.gd_eval_led_on), (8 bytes).
    Removing gd32e230c_eval.o(.text.gd_eval_led_off), (36 bytes).
    Removing gd32e230c_eval.o(.ARM.exidx.text.gd_eval_led_off), (8 bytes).
    Removing gd32e230c_eval.o(.text.gd_eval_led_toggle), (36 bytes).
    Removing gd32e230c_eval.o(.ARM.exidx.text.gd_eval_led_toggle), (8 bytes).
    Removing gd32e230c_eval.o(.text.gd_eval_key_init), (188 bytes).
    Removing gd32e230c_eval.o(.ARM.exidx.text.gd_eval_key_init), (8 bytes).
    Removing gd32e230c_eval.o(.text.gd_eval_key_state_get), (48 bytes).
    Removing gd32e230c_eval.o(.ARM.exidx.text.gd_eval_key_state_get), (8 bytes).
    Removing gd32e230c_eval.o(.text.gd_eval_com_init), (216 bytes).
    Removing gd32e230c_eval.o(.ARM.exidx.text.gd_eval_com_init), (8 bytes).
    Removing gd32e230c_eval.o(.ARM.exidx.text.Delayms), (8 bytes).
    Removing gd32e230c_eval.o(.ARM.exidx.text.USART1_IRQHandler), (8 bytes).
    Removing gd32e230c_eval.o(.ARM.exidx.text.UARTx_SendData), (8 bytes).
    Removing gd32e230c_eval.o(.rodata.GPIO_CLK), (8 bytes).
    Removing gd32e230c_eval.o(.rodata.GPIO_PORT), (16 bytes).
    Removing gd32e230c_eval.o(.rodata.GPIO_PIN), (16 bytes).
    Removing gd32e230c_eval.o(.rodata.KEY_CLK), (4 bytes).
    Removing gd32e230c_eval.o(.rodata.KEY_PORT), (8 bytes).
    Removing gd32e230c_eval.o(.rodata.KEY_PIN), (8 bytes).
    Removing gd32e230c_eval.o(.rodata.KEY_IRQn), (2 bytes).
    Removing gd32e230c_eval.o(.rodata.KEY_PORT_SOURCE), (2 bytes).
    Removing gd32e230c_eval.o(.rodata.KEY_PIN_SOURCE), (2 bytes).
    Removing gd32e230c_eval.o(.rodata.KEY_EXTI_LINE), (8 bytes).
    Removing gd32e230c_eval.o(.rodata.COM_CLK), (2 bytes).
    Removing gd32e230c_eval.o(.rodata.COM_TX_PIN), (4 bytes).
    Removing gd32e230c_eval.o(.rodata.COM_RX_PIN), (4 bytes).
    Removing startup_gd32e230.o(HEAP), (1024 bytes).

1124 unused section(s) (total 35250 bytes) removed from the image.

==============================================================================

Image Symbol Table

    Local Symbols

    Symbol Name                              Value     Ov Type        Size  Object(Section)

    ../clib/microlib/division.c              0x00000000   Number         0  uldiv.o ABSOLUTE
    ../clib/microlib/init/entry.s            0x00000000   Number         0  entry.o ABSOLUTE
    ../clib/microlib/init/entry.s            0x00000000   Number         0  entry2.o ABSOLUTE
    ../clib/microlib/init/entry.s            0x00000000   Number         0  entry5.o ABSOLUTE
    ../clib/microlib/init/entry.s            0x00000000   Number         0  entry7a.o ABSOLUTE
    ../clib/microlib/init/entry.s            0x00000000   Number         0  entry7b.o ABSOLUTE
    ../clib/microlib/init/entry.s            0x00000000   Number         0  entry8a.o ABSOLUTE
    ../clib/microlib/init/entry.s            0x00000000   Number         0  entry8b.o ABSOLUTE
    ../clib/microlib/init/entry.s            0x00000000   Number         0  entry9a.o ABSOLUTE
    ../clib/microlib/init/entry.s            0x00000000   Number         0  entry9b.o ABSOLUTE
    ../clib/microlib/init/entry.s            0x00000000   Number         0  entry10a.o ABSOLUTE
    ../clib/microlib/init/entry.s            0x00000000   Number         0  entry10b.o ABSOLUTE
    ../clib/microlib/init/entry.s            0x00000000   Number         0  entry11a.o ABSOLUTE
    ../clib/microlib/init/entry.s            0x00000000   Number         0  entry11b.o ABSOLUTE
    ../clib/microlib/longlong.c              0x00000000   Number         0  llshl.o ABSOLUTE
    ../clib/microlib/longlong.c              0x00000000   Number         0  llushr.o ABSOLUTE
    ../clib/microlib/string/memset.c         0x00000000   Number         0  memseta.o ABSOLUTE
    ..\GD32E230_Firmware_Library\CMSIS\GD\GD32E230\Source\ARM\startup_gd32e230.s 0x00000000   Number         0  startup_gd32e230.o ABSOLUTE
    algorithm.c                              0x00000000   Number         0  algorithm.o ABSOLUTE
    common.c                                 0x00000000   Number         0  common.o ABSOLUTE
    dc.s                                     0x00000000   Number         0  dc.o ABSOLUTE
    flash.c                                  0x00000000   Number         0  flash.o ABSOLUTE
    gd32e230_adc.c                           0x00000000   Number         0  gd32e230_adc.o ABSOLUTE
    gd32e230_cmp.c                           0x00000000   Number         0  gd32e230_cmp.o ABSOLUTE
    gd32e230_crc.c                           0x00000000   Number         0  gd32e230_crc.o ABSOLUTE
    gd32e230_dbg.c                           0x00000000   Number         0  gd32e230_dbg.o ABSOLUTE
    gd32e230_dma.c                           0x00000000   Number         0  gd32e230_dma.o ABSOLUTE
    gd32e230_exti.c                          0x00000000   Number         0  gd32e230_exti.o ABSOLUTE
    gd32e230_fmc.c                           0x00000000   Number         0  gd32e230_fmc.o ABSOLUTE
    gd32e230_fwdgt.c                         0x00000000   Number         0  gd32e230_fwdgt.o ABSOLUTE
    gd32e230_gpio.c                          0x00000000   Number         0  gd32e230_gpio.o ABSOLUTE
    gd32e230_i2c.c                           0x00000000   Number         0  gd32e230_i2c.o ABSOLUTE
    gd32e230_it.c                            0x00000000   Number         0  gd32e230_it.o ABSOLUTE
    gd32e230_misc.c                          0x00000000   Number         0  gd32e230_misc.o ABSOLUTE
    gd32e230_pmu.c                           0x00000000   Number         0  gd32e230_pmu.o ABSOLUTE
    gd32e230_rcu.c                           0x00000000   Number         0  gd32e230_rcu.o ABSOLUTE
    gd32e230_rtc.c                           0x00000000   Number         0  gd32e230_rtc.o ABSOLUTE
    gd32e230_spi.c                           0x00000000   Number         0  gd32e230_spi.o ABSOLUTE
    gd32e230_syscfg.c                        0x00000000   Number         0  gd32e230_syscfg.o ABSOLUTE
    gd32e230_timer.c                         0x00000000   Number         0  gd32e230_timer.o ABSOLUTE
    gd32e230_usart.c                         0x00000000   Number         0  gd32e230_usart.o ABSOLUTE
    gd32e230_wwdgt.c                         0x00000000   Number         0  gd32e230_wwdgt.o ABSOLUTE
    gd32e230c_eval.c                         0x00000000   Number         0  gd32e230c_eval.o ABSOLUTE
    handlers.s                               0x00000000   Number         0  handlers.o ABSOLUTE
    init.s                                   0x00000000   Number         0  init.o ABSOLUTE
    main.c                                   0x00000000   Number         0  main.o ABSOLUTE
    modbus_asc.c                             0x00000000   Number         0  modbus_asc.o ABSOLUTE
    modbus_ascii.c                           0x00000000   Number         0  modbus_ascii.o ABSOLUTE
    para.c                                   0x00000000   Number         0  para.o ABSOLUTE
    system_gd32e230.c                        0x00000000   Number         0  system_gd32e230.o ABSOLUTE
    systick.c                                0x00000000   Number         0  systick.o ABSOLUTE
    timer.c                                  0x00000000   Number         0  timer.o ABSOLUTE
    RESET                                    0x08004000   Section      204  startup_gd32e230.o(RESET)
    .ARM.Collect$$$$00000000                 0x080040cc   Section        0  entry.o(.ARM.Collect$$$$00000000)
    .ARM.Collect$$$$00000001                 0x080040cc   Section        4  entry2.o(.ARM.Collect$$$$00000001)
    .ARM.Collect$$$$00000004                 0x080040d0   Section        4  entry5.o(.ARM.Collect$$$$00000004)
    .ARM.Collect$$$$00000008                 0x080040d4   Section        0  entry7b.o(.ARM.Collect$$$$00000008)
    .ARM.Collect$$$$0000000A                 0x080040d4   Section        0  entry8b.o(.ARM.Collect$$$$0000000A)
    .ARM.Collect$$$$0000000B                 0x080040d4   Section        8  entry9a.o(.ARM.Collect$$$$0000000B)
    __lit__00000000                          0x080040dc   Data           4  entry2.o(.ARM.Collect$$$$00002712)
    .ARM.Collect$$$$0000000D                 0x080040dc   Section        0  entry10a.o(.ARM.Collect$$$$0000000D)
    .ARM.Collect$$$$0000000F                 0x080040dc   Section        0  entry11a.o(.ARM.Collect$$$$0000000F)
    .ARM.Collect$$$$00002712                 0x080040dc   Section        4  entry2.o(.ARM.Collect$$$$00002712)
    .text                                    0x080040e0   Section       28  startup_gd32e230.o(.text)
    .text                                    0x080040fc   Section        0  memseta.o(.text)
    .text                                    0x08004120   Section       36  init.o(.text)
    [Anonymous Symbol]                       0x08004144   Section        0  main.o(.text.DRV_IWDG_Init)
    __arm_cp.2_0                             0x08004174   Number         4  main.o(.text.DRV_IWDG_Init)
    [Anonymous Symbol]                       0x08004178   Section        0  modbus_asc.o(.text.Delay_1Ms)
    [Anonymous Symbol]                       0x0800419a   Section        0  common.o(.text.Delay_Ms)
    [Anonymous Symbol]                       0x080041bc   Section        0  gd32e230c_eval.o(.text.Delayms)
    __arm_cp.7_0                             0x08004214   Number         4  gd32e230c_eval.o(.text.Delayms)
    [Anonymous Symbol]                       0x08004218   Section        0  main.o(.text.EXTI0_1_IRQHandler)
    __arm_cp.6_0                             0x08004238   Number         4  main.o(.text.EXTI0_1_IRQHandler)
    [Anonymous Symbol]                       0x0800423c   Section        0  flash.o(.text.Flash_Read_OneByte)
    [Anonymous Symbol]                       0x08004250   Section        0  flash.o(.text.Flash_Write_MultiBytes)
    __arm_cp.4_0                             0x08004368   Number         4  flash.o(.text.Flash_Write_MultiBytes)
    __arm_cp.4_1                             0x0800436c   Number         4  flash.o(.text.Flash_Write_MultiBytes)
    __arm_cp.4_2                             0x08004370   Number         4  flash.o(.text.Flash_Write_MultiBytes)
    __arm_cp.4_3                             0x08004374   Number         4  flash.o(.text.Flash_Write_MultiBytes)
    [Anonymous Symbol]                       0x08004378   Section        0  main.o(.text.GPIO_Configuration)
    __arm_cp.1_0                             0x080043d0   Number         4  main.o(.text.GPIO_Configuration)
    [Anonymous Symbol]                       0x080043d4   Section        0  common.o(.text.Get_filter)
    __arm_cp.2_0                             0x0800456c   Number         4  common.o(.text.Get_filter)
    __arm_cp.2_1                             0x08004570   Number         4  common.o(.text.Get_filter)
    __arm_cp.2_2                             0x08004574   Number         4  common.o(.text.Get_filter)
    __arm_cp.2_3                             0x08004578   Number         4  common.o(.text.Get_filter)
    [Anonymous Symbol]                       0x0800457c   Section        0  gd32e230_it.o(.text.HardFault_Handler)
    [Anonymous Symbol]                       0x08004580   Section        0  main.o(.text.Led_Control)
    [Anonymous Symbol]                       0x080045cc   Section        0  modbus_asc.o(.text.MBASC_Fun03)
    __arm_cp.4_0                             0x08004884   Number         4  modbus_asc.o(.text.MBASC_Fun03)
    __arm_cp.4_1                             0x08004888   Number         4  modbus_asc.o(.text.MBASC_Fun03)
    __arm_cp.4_2                             0x0800488c   Number         4  modbus_asc.o(.text.MBASC_Fun03)
    __arm_cp.4_3                             0x08004890   Number         4  modbus_asc.o(.text.MBASC_Fun03)
    [Anonymous Symbol]                       0x08004894   Section        0  modbus_asc.o(.text.MBASC_Fun04)
    __arm_cp.5_0                             0x08004a48   Number         4  modbus_asc.o(.text.MBASC_Fun04)
    __arm_cp.5_1                             0x08004a4c   Number         4  modbus_asc.o(.text.MBASC_Fun04)
    __arm_cp.5_2                             0x08004a50   Number         4  modbus_asc.o(.text.MBASC_Fun04)
    __arm_cp.5_3                             0x08004a54   Number         4  modbus_asc.o(.text.MBASC_Fun04)
    [Anonymous Symbol]                       0x08004a58   Section        0  modbus_asc.o(.text.MBASC_Fun10)
    __arm_cp.7_0                             0x08004d5c   Number         4  modbus_asc.o(.text.MBASC_Fun10)
    __arm_cp.7_1                             0x08004d60   Number         4  modbus_asc.o(.text.MBASC_Fun10)
    __arm_cp.7_2                             0x08004d64   Number         4  modbus_asc.o(.text.MBASC_Fun10)
    __arm_cp.7_3                             0x08004d68   Number         4  modbus_asc.o(.text.MBASC_Fun10)
    __arm_cp.7_4                             0x08004d6c   Number         4  modbus_asc.o(.text.MBASC_Fun10)
    [Anonymous Symbol]                       0x08004d70   Section        0  modbus_asc.o(.text.MBASC_Fun2B)
    __arm_cp.8_0                             0x08004fd4   Number         4  modbus_asc.o(.text.MBASC_Fun2B)
    __arm_cp.8_1                             0x08004fd8   Number         4  modbus_asc.o(.text.MBASC_Fun2B)
    __arm_cp.8_4                             0x08004fdc   Number         4  modbus_asc.o(.text.MBASC_Fun2B)
    __arm_cp.8_5                             0x08004fe0   Number         4  modbus_asc.o(.text.MBASC_Fun2B)
    __arm_cp.8_6                             0x08004fe4   Number         4  modbus_asc.o(.text.MBASC_Fun2B)
    __arm_cp.8_7                             0x08004fe8   Number         4  modbus_asc.o(.text.MBASC_Fun2B)
    [Anonymous Symbol]                       0x08004fec   Section        0  modbus_asc.o(.text.MBASC_Fun41)
    __arm_cp.10_0                            0x080050bc   Number         4  modbus_asc.o(.text.MBASC_Fun41)
    [Anonymous Symbol]                       0x080050c0   Section        0  modbus_asc.o(.text.MBASC_Function)
    __arm_cp.12_0                            0x08005194   Number         4  modbus_asc.o(.text.MBASC_Function)
    __arm_cp.12_1                            0x08005198   Number         4  modbus_asc.o(.text.MBASC_Function)
    __arm_cp.12_2                            0x0800519c   Number         4  modbus_asc.o(.text.MBASC_Function)
    __arm_cp.12_3                            0x080051a0   Number         4  modbus_asc.o(.text.MBASC_Function)
    __arm_cp.12_4                            0x080051a4   Number         4  modbus_asc.o(.text.MBASC_Function)
    [Anonymous Symbol]                       0x080051a8   Section        0  modbus_asc.o(.text.MBASC_GetSlaveAddr)
    [Anonymous Symbol]                       0x080051b4   Section        0  modbus_asc.o(.text.MBASC_SendErr)
    __arm_cp.3_0                             0x080051f4   Number         4  modbus_asc.o(.text.MBASC_SendErr)
    __arm_cp.3_1                             0x080051f8   Number         4  modbus_asc.o(.text.MBASC_SendErr)
    [Anonymous Symbol]                       0x080051fc   Section        0  modbus_asc.o(.text.MBASC_SendMsg)
    [Anonymous Symbol]                       0x08005228   Section        0  modbus_asc.o(.text.MBASC_SendMsg_NoLimit)
    [Anonymous Symbol]                       0x0800524e   Section        0  modbus_ascii.o(.text.MODBUS_ASCII_AsciiPacketToRtuPacket)
    [Anonymous Symbol]                       0x080052c2   Section        0  modbus_ascii.o(.text.MODBUS_ASCII_AsciiToHex)
    [Anonymous Symbol]                       0x08005368   Section        0  modbus_ascii.o(.text.MODBUS_ASCII_CheckAscii)
    [Anonymous Symbol]                       0x08005416   Section        0  modbus_ascii.o(.text.MODBUS_ASCII_GetLrc)
    [Anonymous Symbol]                       0x08005498   Section        0  modbus_ascii.o(.text.MODBUS_ASCII_HandlRevData)
    __arm_cp.5_0                             0x08005598   Number         4  modbus_ascii.o(.text.MODBUS_ASCII_HandlRevData)
    __arm_cp.5_4                             0x0800559c   Number         4  modbus_ascii.o(.text.MODBUS_ASCII_HandlRevData)
    [Anonymous Symbol]                       0x080055a0   Section        0  modbus_ascii.o(.text.MODBUS_ASCII_HexToAscii)
    [Anonymous Symbol]                       0x080055fc   Section        0  modbus_ascii.o(.text.MODBUS_ASCII_RecvData)
    __arm_cp.7_0                             0x080056cc   Number         4  modbus_ascii.o(.text.MODBUS_ASCII_RecvData)
    __arm_cp.7_1                             0x080056d0   Number         4  modbus_ascii.o(.text.MODBUS_ASCII_RecvData)
    __arm_cp.7_2                             0x080056d4   Number         4  modbus_ascii.o(.text.MODBUS_ASCII_RecvData)
    [Anonymous Symbol]                       0x080056d8   Section        0  modbus_ascii.o(.text.MODBUS_ASCII_RtuPacketToAsciiPacket)
    [Anonymous Symbol]                       0x0800572c   Section        0  modbus_ascii.o(.text.MODBUS_ASCII_SendData)
    __arm_cp.8_0                             0x080057ec   Number         4  modbus_ascii.o(.text.MODBUS_ASCII_SendData)
    __arm_cp.8_1                             0x080057f0   Number         4  modbus_ascii.o(.text.MODBUS_ASCII_SendData)
    [Anonymous Symbol]                       0x080057f4   Section        0  gd32e230_it.o(.text.NMI_Handler)
    [Anonymous Symbol]                       0x080057f6   Section        0  gd32e230_it.o(.text.PendSV_Handler)
    [Anonymous Symbol]                       0x080057f8   Section        0  para.o(.text.ReadPara)
    __arm_cp.0_0                             0x08005968   Number         4  para.o(.text.ReadPara)
    __arm_cp.0_1                             0x0800596c   Number         4  para.o(.text.ReadPara)
    __arm_cp.0_2                             0x08005970   Number         4  para.o(.text.ReadPara)
    __arm_cp.0_3                             0x08005974   Number         4  para.o(.text.ReadPara)
    __arm_cp.0_4                             0x08005978   Number         4  para.o(.text.ReadPara)
    __arm_cp.0_5                             0x0800597c   Number         4  para.o(.text.ReadPara)
    [Anonymous Symbol]                       0x08005980   Section        0  gd32e230_it.o(.text.SVC_Handler)
    [Anonymous Symbol]                       0x08005982   Section        0  gd32e230_it.o(.text.SysTick_Handler)
    [Anonymous Symbol]                       0x0800598c   Section        0  system_gd32e230.o(.text.SystemInit)
    __arm_cp.0_0                             0x08005a14   Number         4  system_gd32e230.o(.text.SystemInit)
    __arm_cp.0_1                             0x08005a18   Number         4  system_gd32e230.o(.text.SystemInit)
    __arm_cp.0_2                             0x08005a1c   Number         4  system_gd32e230.o(.text.SystemInit)
    __arm_cp.0_3                             0x08005a20   Number         4  system_gd32e230.o(.text.SystemInit)
    __arm_cp.0_4                             0x08005a24   Number         4  system_gd32e230.o(.text.SystemInit)
    __arm_cp.0_5                             0x08005a28   Number         4  system_gd32e230.o(.text.SystemInit)
    __arm_cp.0_6                             0x08005a2c   Number         4  system_gd32e230.o(.text.SystemInit)
    __arm_cp.0_7                             0x08005a30   Number         4  system_gd32e230.o(.text.SystemInit)
    __arm_cp.0_8                             0x08005a34   Number         4  system_gd32e230.o(.text.SystemInit)
    [Anonymous Symbol]                       0x08005a38   Section        0  timer.o(.text.TIMER0_Channel_IRQHandler)
    __arm_cp.2_0                             0x08005adc   Number         4  timer.o(.text.TIMER0_Channel_IRQHandler)
    __arm_cp.2_1                             0x08005ae0   Number         4  timer.o(.text.TIMER0_Channel_IRQHandler)
    __arm_cp.2_2                             0x08005ae4   Number         4  timer.o(.text.TIMER0_Channel_IRQHandler)
    __arm_cp.2_3                             0x08005ae8   Number         4  timer.o(.text.TIMER0_Channel_IRQHandler)
    __arm_cp.2_4                             0x08005aec   Number         4  timer.o(.text.TIMER0_Channel_IRQHandler)
    [Anonymous Symbol]                       0x08005af0   Section        0  timer.o(.text.TIMER15_IRQHandler)
    __arm_cp.4_1                             0x08005b54   Number         4  timer.o(.text.TIMER15_IRQHandler)
    __arm_cp.4_5                             0x08005b58   Number         4  timer.o(.text.TIMER15_IRQHandler)
    __arm_cp.4_6                             0x08005b5c   Number         4  timer.o(.text.TIMER15_IRQHandler)
    [Anonymous Symbol]                       0x08005b60   Section        0  timer.o(.text.TIMER15_Init)
    __arm_cp.1_0                             0x08005bb4   Number         4  timer.o(.text.TIMER15_Init)
    __arm_cp.1_1                             0x08005bb8   Number         4  timer.o(.text.TIMER15_Init)
    [Anonymous Symbol]                       0x08005bbc   Section        0  timer.o(.text.TIMER2_IRQHandler)
    __arm_cp.3_1                             0x08005c18   Number         4  timer.o(.text.TIMER2_IRQHandler)
    __arm_cp.3_2                             0x08005c1c   Number         4  timer.o(.text.TIMER2_IRQHandler)
    __arm_cp.3_3                             0x08005c20   Number         4  timer.o(.text.TIMER2_IRQHandler)
    __arm_cp.3_4                             0x08005c24   Number         4  timer.o(.text.TIMER2_IRQHandler)
    __arm_cp.3_5                             0x08005c28   Number         4  timer.o(.text.TIMER2_IRQHandler)
    __arm_cp.3_6                             0x08005c2c   Number         4  timer.o(.text.TIMER2_IRQHandler)
    [Anonymous Symbol]                       0x08005c30   Section        0  timer.o(.text.TIMER2_Init)
    __arm_cp.0_0                             0x08005c84   Number         4  timer.o(.text.TIMER2_Init)
    __arm_cp.0_1                             0x08005c88   Number         4  timer.o(.text.TIMER2_Init)
    __arm_cp.0_2                             0x08005c8c   Number         4  timer.o(.text.TIMER2_Init)
    __arm_cp.0_3                             0x08005c90   Number         4  timer.o(.text.TIMER2_Init)
    [Anonymous Symbol]                       0x08005c94   Section        0  gd32e230c_eval.o(.text.UARTx_SendData)
    __arm_cp.9_1                             0x08005d34   Number         4  gd32e230c_eval.o(.text.UARTx_SendData)
    [Anonymous Symbol]                       0x08005d38   Section        0  gd32e230c_eval.o(.text.USART1_IRQHandler)
    __arm_cp.8_0                             0x08005df0   Number         4  gd32e230c_eval.o(.text.USART1_IRQHandler)
    __arm_cp.8_2                             0x08005df4   Number         4  gd32e230c_eval.o(.text.USART1_IRQHandler)
    __arm_cp.8_3                             0x08005df8   Number         4  gd32e230c_eval.o(.text.USART1_IRQHandler)
    __arm_cp.8_4                             0x08005dfc   Number         4  gd32e230c_eval.o(.text.USART1_IRQHandler)
    __arm_cp.8_5                             0x08005e00   Number         4  gd32e230c_eval.o(.text.USART1_IRQHandler)
    __arm_cp.8_6                             0x08005e04   Number         4  gd32e230c_eval.o(.text.USART1_IRQHandler)
    __arm_cp.8_7                             0x08005e08   Number         4  gd32e230c_eval.o(.text.USART1_IRQHandler)
    __arm_cp.8_8                             0x08005e0c   Number         4  gd32e230c_eval.o(.text.USART1_IRQHandler)
    [Anonymous Symbol]                       0x08005e10   Section        0  main.o(.text.ZF_exti_init)
    [Anonymous Symbol]                       0x08005e4c   Section        0  main.o(.text.ZF_gpio_init)
    __NVIC_EnableIRQ                         0x08005e6d   Thumb Code    52  gd32e230_misc.o(.text.__NVIC_EnableIRQ)
    [Anonymous Symbol]                       0x08005e6c   Section        0  gd32e230_misc.o(.text.__NVIC_EnableIRQ)
    __arm_cp.2_0                             0x08005e9c   Number         4  gd32e230_misc.o(.text.__NVIC_EnableIRQ)
    __NVIC_SetPriority                       0x08005ea1   Thumb Code   136  gd32e230_misc.o(.text.__NVIC_SetPriority)
    [Anonymous Symbol]                       0x08005ea0   Section        0  gd32e230_misc.o(.text.__NVIC_SetPriority)
    __arm_cp.1_0                             0x08005f20   Number         4  gd32e230_misc.o(.text.__NVIC_SetPriority)
    __arm_cp.1_1                             0x08005f24   Number         4  gd32e230_misc.o(.text.__NVIC_SetPriority)
    __NVIC_SystemReset                       0x08005f29   Thumb Code    28  modbus_asc.o(.text.__NVIC_SystemReset)
    [Anonymous Symbol]                       0x08005f28   Section        0  modbus_asc.o(.text.__NVIC_SystemReset)
    __arm_cp.11_0                            0x08005f3c   Number         4  modbus_asc.o(.text.__NVIC_SystemReset)
    __arm_cp.11_1                            0x08005f40   Number         4  modbus_asc.o(.text.__NVIC_SystemReset)
    [Anonymous Symbol]                       0x08005f44   Section        0  main.o(.text.com_gpio_init)
    __arm_cp.9_0                             0x08005fb0   Number         4  main.o(.text.com_gpio_init)
    [Anonymous Symbol]                       0x08005fb4   Section        0  main.o(.text.com_usart_init)
    __arm_cp.10_0                            0x08006088   Number         4  main.o(.text.com_usart_init)
    __arm_cp.10_1                            0x0800608c   Number         4  main.o(.text.com_usart_init)
    __arm_cp.10_2                            0x08006090   Number         4  main.o(.text.com_usart_init)
    [Anonymous Symbol]                       0x08006094   Section        0  systick.o(.text.delay_decrement)
    __arm_cp.4_0                             0x080060ac   Number         4  systick.o(.text.delay_decrement)
    [Anonymous Symbol]                       0x080060b0   Section        0  gd32e230_exti.o(.text.exti_init)
    __arm_cp.1_1                             0x0800617c   Number         4  gd32e230_exti.o(.text.exti_init)
    __arm_cp.1_2                             0x08006180   Number         4  gd32e230_exti.o(.text.exti_init)
    __arm_cp.1_3                             0x08006184   Number         4  gd32e230_exti.o(.text.exti_init)
    [Anonymous Symbol]                       0x08006188   Section        0  gd32e230_exti.o(.text.exti_interrupt_flag_clear)
    [Anonymous Symbol]                       0x08006198   Section        0  gd32e230_exti.o(.text.exti_interrupt_flag_get)
    __arm_cp.8_0                             0x080061d8   Number         4  gd32e230_exti.o(.text.exti_interrupt_flag_get)
    __arm_cp.8_1                             0x080061dc   Number         4  gd32e230_exti.o(.text.exti_interrupt_flag_get)
    [Anonymous Symbol]                       0x080061e0   Section        0  flash.o(.text.flash_read_multi)
    __arm_cp.1_0                             0x0800622c   Number         4  flash.o(.text.flash_read_multi)
    [Anonymous Symbol]                       0x08006230   Section        0  gd32e230_fmc.o(.text.fmc_flag_clear)
    [Anonymous Symbol]                       0x08006240   Section        0  gd32e230_fmc.o(.text.fmc_lock)
    [Anonymous Symbol]                       0x0800624c   Section        0  gd32e230_fmc.o(.text.fmc_page_erase)
    __arm_cp.5_1                             0x080062a4   Number         4  gd32e230_fmc.o(.text.fmc_page_erase)
    [Anonymous Symbol]                       0x080062a8   Section        0  gd32e230_fmc.o(.text.fmc_ready_wait)
    [Anonymous Symbol]                       0x08006304   Section        0  gd32e230_fmc.o(.text.fmc_state_get)
    __arm_cp.29_0                            0x08006354   Number         4  gd32e230_fmc.o(.text.fmc_state_get)
    [Anonymous Symbol]                       0x08006358   Section        0  gd32e230_fmc.o(.text.fmc_unlock)
    __arm_cp.0_1                             0x08006374   Number         4  gd32e230_fmc.o(.text.fmc_unlock)
    __arm_cp.0_2                             0x08006378   Number         4  gd32e230_fmc.o(.text.fmc_unlock)
    __arm_cp.0_3                             0x0800637c   Number         4  gd32e230_fmc.o(.text.fmc_unlock)
    [Anonymous Symbol]                       0x08006380   Section        0  gd32e230_fmc.o(.text.fmc_word_program)
    __arm_cp.9_0                             0x080063d4   Number         4  gd32e230_fmc.o(.text.fmc_word_program)
    [Anonymous Symbol]                       0x080063d8   Section        0  gd32e230_fwdgt.o(.text.fwdgt_config)
    __arm_cp.7_0                             0x080064a8   Number         4  gd32e230_fwdgt.o(.text.fwdgt_config)
    __arm_cp.7_2                             0x080064ac   Number         4  gd32e230_fwdgt.o(.text.fwdgt_config)
    __arm_cp.7_3                             0x080064b0   Number         4  gd32e230_fwdgt.o(.text.fwdgt_config)
    __arm_cp.7_4                             0x080064b4   Number         4  gd32e230_fwdgt.o(.text.fwdgt_config)
    __arm_cp.7_5                             0x080064b8   Number         4  gd32e230_fwdgt.o(.text.fwdgt_config)
    __arm_cp.7_6                             0x080064bc   Number         4  gd32e230_fwdgt.o(.text.fwdgt_config)
    [Anonymous Symbol]                       0x080064c0   Section        0  gd32e230_fwdgt.o(.text.fwdgt_counter_reload)
    __arm_cp.6_1                             0x080064c8   Number         4  gd32e230_fwdgt.o(.text.fwdgt_counter_reload)
    [Anonymous Symbol]                       0x080064cc   Section        0  gd32e230_fwdgt.o(.text.fwdgt_enable)
    __arm_cp.2_0                             0x080064d4   Number         4  gd32e230_fwdgt.o(.text.fwdgt_enable)
    __arm_cp.2_1                             0x080064d8   Number         4  gd32e230_fwdgt.o(.text.fwdgt_enable)
    [Anonymous Symbol]                       0x080064dc   Section        0  gd32e230_gpio.o(.text.gpio_af_set)
    [Anonymous Symbol]                       0x080065a0   Section        0  gd32e230_gpio.o(.text.gpio_bit_reset)
    [Anonymous Symbol]                       0x080065b0   Section        0  gd32e230_gpio.o(.text.gpio_bit_set)
    [Anonymous Symbol]                       0x080065c0   Section        0  gd32e230_gpio.o(.text.gpio_bit_write)
    [Anonymous Symbol]                       0x080065e8   Section        0  gd32e230_gpio.o(.text.gpio_input_bit_get)
    [Anonymous Symbol]                       0x08006612   Section        0  gd32e230_gpio.o(.text.gpio_mode_set)
    [Anonymous Symbol]                       0x080066a2   Section        0  gd32e230_gpio.o(.text.gpio_output_options_set)
    [Anonymous Symbol]                       0x08006730   Section        0  common.o(.text.long32Array)
    [Anonymous Symbol]                       0x08006754   Section        0  main.o(.text.main)
    __arm_cp.8_19                            0x08006b5c   Number         4  main.o(.text.main)
    __arm_cp.8_20                            0x08006b60   Number         4  main.o(.text.main)
    __arm_cp.8_21                            0x08006b64   Number         4  main.o(.text.main)
    __arm_cp.8_3                             0x08006b94   Number         4  main.o(.text.main)
    __arm_cp.8_4                             0x08006b98   Number         4  main.o(.text.main)
    __arm_cp.8_5                             0x08006b9c   Number         4  main.o(.text.main)
    __arm_cp.8_6                             0x08006ba0   Number         4  main.o(.text.main)
    __arm_cp.8_7                             0x08006ba4   Number         4  main.o(.text.main)
    __arm_cp.8_8                             0x08006ba8   Number         4  main.o(.text.main)
    __arm_cp.8_9                             0x08006bac   Number         4  main.o(.text.main)
    __arm_cp.8_10                            0x08006bb0   Number         4  main.o(.text.main)
    __arm_cp.8_11                            0x08006bb4   Number         4  main.o(.text.main)
    __arm_cp.8_12                            0x08006bb8   Number         4  main.o(.text.main)
    __arm_cp.8_13                            0x08006bbc   Number         4  main.o(.text.main)
    __arm_cp.8_14                            0x08006bc0   Number         4  main.o(.text.main)
    __arm_cp.8_15                            0x08006bc4   Number         4  main.o(.text.main)
    __arm_cp.8_16                            0x08006bc8   Number         4  main.o(.text.main)
    __arm_cp.8_17                            0x08006bcc   Number         4  main.o(.text.main)
    __arm_cp.8_18                            0x08006bd0   Number         4  main.o(.text.main)
    [Anonymous Symbol]                       0x08006bd4   Section        0  gd32e230_misc.o(.text.nvic_irq_enable)
    [Anonymous Symbol]                       0x08006c08   Section        0  gd32e230_misc.o(.text.nvic_vector_table_set)
    __arm_cp.7_0                             0x08006c20   Number         4  gd32e230_misc.o(.text.nvic_vector_table_set)
    __arm_cp.7_1                             0x08006c24   Number         4  gd32e230_misc.o(.text.nvic_vector_table_set)
    [Anonymous Symbol]                       0x08006c28   Section        0  gd32e230_rcu.o(.text.rcu_clock_freq_get)
    __arm_cp.38_0                            0x08006e88   Number         4  gd32e230_rcu.o(.text.rcu_clock_freq_get)
    __arm_cp.38_1                            0x08006e8c   Number         4  gd32e230_rcu.o(.text.rcu_clock_freq_get)
    __arm_cp.38_2                            0x08006e90   Number         4  gd32e230_rcu.o(.text.rcu_clock_freq_get)
    __arm_cp.38_3                            0x08006e94   Number         4  gd32e230_rcu.o(.text.rcu_clock_freq_get)
    __arm_cp.38_4                            0x08006e98   Number         4  gd32e230_rcu.o(.text.rcu_clock_freq_get)
    __arm_cp.38_5                            0x08006e9c   Number         4  gd32e230_rcu.o(.text.rcu_clock_freq_get)
    __arm_cp.38_6                            0x08006ea0   Number         4  gd32e230_rcu.o(.text.rcu_clock_freq_get)
    __arm_cp.38_7                            0x08006ea4   Number         4  gd32e230_rcu.o(.text.rcu_clock_freq_get)
    __arm_cp.38_8                            0x08006ea8   Number         4  gd32e230_rcu.o(.text.rcu_clock_freq_get)
    [Anonymous Symbol]                       0x08006eac   Section        0  gd32e230_rcu.o(.text.rcu_flag_get)
    [Anonymous Symbol]                       0x08006ee4   Section        0  gd32e230_rcu.o(.text.rcu_osci_on)
    [Anonymous Symbol]                       0x08006f08   Section        0  gd32e230_rcu.o(.text.rcu_osci_stab_wait)
    __arm_cp.27_0                            0x0800714c   Number         4  gd32e230_rcu.o(.text.rcu_osci_stab_wait)
    __arm_cp.27_1                            0x08007150   Number         4  gd32e230_rcu.o(.text.rcu_osci_stab_wait)
    __arm_cp.27_2                            0x08007154   Number         4  gd32e230_rcu.o(.text.rcu_osci_stab_wait)
    __arm_cp.27_3                            0x08007158   Number         4  gd32e230_rcu.o(.text.rcu_osci_stab_wait)
    __arm_cp.27_4                            0x0800715c   Number         4  gd32e230_rcu.o(.text.rcu_osci_stab_wait)
    [Anonymous Symbol]                       0x08007160   Section        0  gd32e230_rcu.o(.text.rcu_periph_clock_enable)
    [Anonymous Symbol]                       0x08007184   Section        0  gd32e230_rcu.o(.text.rcu_periph_reset_disable)
    [Anonymous Symbol]                       0x080071a8   Section        0  gd32e230_rcu.o(.text.rcu_periph_reset_enable)
    __arm_cp.5_0                             0x080071cc   Number         4  gd32e230_rcu.o(.text.rcu_periph_reset_enable)
    [Anonymous Symbol]                       0x080071d0   Section        0  main.o(.text.rs485_Init)
    __arm_cp.3_0                             0x08007208   Number         4  main.o(.text.rs485_Init)
    [Anonymous Symbol]                       0x0800720c   Section        0  gd32e230_syscfg.o(.text.syscfg_exti_line_config)
    __arm_cp.5_0                             0x080072b4   Number         4  gd32e230_syscfg.o(.text.syscfg_exti_line_config)
    __arm_cp.5_1                             0x080072b8   Number         4  gd32e230_syscfg.o(.text.syscfg_exti_line_config)
    __arm_cp.5_2                             0x080072bc   Number         4  gd32e230_syscfg.o(.text.syscfg_exti_line_config)
    __arm_cp.5_3                             0x080072c0   Number         4  gd32e230_syscfg.o(.text.syscfg_exti_line_config)
    system_clock_72m_irc8m                   0x080072c5   Thumb Code   228  system_gd32e230.o(.text.system_clock_72m_irc8m)
    [Anonymous Symbol]                       0x080072c4   Section        0  system_gd32e230.o(.text.system_clock_72m_irc8m)
    __arm_cp.3_0                             0x08007394   Number         4  system_gd32e230.o(.text.system_clock_72m_irc8m)
    __arm_cp.3_1                             0x08007398   Number         4  system_gd32e230.o(.text.system_clock_72m_irc8m)
    __arm_cp.3_2                             0x0800739c   Number         4  system_gd32e230.o(.text.system_clock_72m_irc8m)
    __arm_cp.3_3                             0x080073a0   Number         4  system_gd32e230.o(.text.system_clock_72m_irc8m)
    __arm_cp.3_4                             0x080073a4   Number         4  system_gd32e230.o(.text.system_clock_72m_irc8m)
    system_clock_config                      0x080073a9   Thumb Code     8  system_gd32e230.o(.text.system_clock_config)
    [Anonymous Symbol]                       0x080073a8   Section        0  system_gd32e230.o(.text.system_clock_config)
    [Anonymous Symbol]                       0x080073b0   Section        0  gd32e230_timer.o(.text.timer_auto_reload_shadow_enable)
    [Anonymous Symbol]                       0x080073c4   Section        0  gd32e230_timer.o(.text.timer_deinit)
    __arm_cp.0_1                             0x0800748c   Number         4  gd32e230_timer.o(.text.timer_deinit)
    __arm_cp.0_7                             0x08007490   Number         4  gd32e230_timer.o(.text.timer_deinit)
    __arm_cp.0_8                             0x08007494   Number         4  gd32e230_timer.o(.text.timer_deinit)
    __arm_cp.0_9                             0x08007498   Number         4  gd32e230_timer.o(.text.timer_deinit)
    __arm_cp.0_10                            0x0800749c   Number         4  gd32e230_timer.o(.text.timer_deinit)
    __arm_cp.0_11                            0x080074a0   Number         4  gd32e230_timer.o(.text.timer_deinit)
    [Anonymous Symbol]                       0x080074a4   Section        0  gd32e230_timer.o(.text.timer_enable)
    [Anonymous Symbol]                       0x080074b8   Section        0  gd32e230_timer.o(.text.timer_init)
    __arm_cp.2_0                             0x0800759c   Number         4  gd32e230_timer.o(.text.timer_init)
    __arm_cp.2_1                             0x080075a0   Number         4  gd32e230_timer.o(.text.timer_init)
    __arm_cp.2_2                             0x080075a4   Number         4  gd32e230_timer.o(.text.timer_init)
    __arm_cp.2_3                             0x080075a8   Number         4  gd32e230_timer.o(.text.timer_init)
    __arm_cp.2_4                             0x080075ac   Number         4  gd32e230_timer.o(.text.timer_init)
    __arm_cp.2_5                             0x080075b0   Number         4  gd32e230_timer.o(.text.timer_init)
    [Anonymous Symbol]                       0x080075b4   Section        0  gd32e230_timer.o(.text.timer_interrupt_disable)
    [Anonymous Symbol]                       0x080075c8   Section        0  gd32e230_timer.o(.text.timer_interrupt_enable)
    [Anonymous Symbol]                       0x080075dc   Section        0  gd32e230_timer.o(.text.timer_interrupt_flag_clear)
    [Anonymous Symbol]                       0x080075f0   Section        0  gd32e230_timer.o(.text.timer_interrupt_flag_get)
    [Anonymous Symbol]                       0x0800762c   Section        0  gd32e230_usart.o(.text.usart_baudrate_set)
    __arm_cp.1_2                             0x080076d8   Number         4  gd32e230_usart.o(.text.usart_baudrate_set)
    [Anonymous Symbol]                       0x080076dc   Section        0  gd32e230_usart.o(.text.usart_data_receive)
    [Anonymous Symbol]                       0x080076ec   Section        0  gd32e230_usart.o(.text.usart_data_transmit)
    __arm_cp.18_0                            0x08007700   Number         4  gd32e230_usart.o(.text.usart_data_transmit)
    [Anonymous Symbol]                       0x08007704   Section        0  gd32e230_usart.o(.text.usart_deinit)
    __arm_cp.0_0                             0x08007748   Number         4  gd32e230_usart.o(.text.usart_deinit)
    __arm_cp.0_1                             0x0800774c   Number         4  gd32e230_usart.o(.text.usart_deinit)
    __arm_cp.0_2                             0x08007750   Number         4  gd32e230_usart.o(.text.usart_deinit)
    __arm_cp.0_3                             0x08007754   Number         4  gd32e230_usart.o(.text.usart_deinit)
    [Anonymous Symbol]                       0x08007758   Section        0  gd32e230_usart.o(.text.usart_disable)
    [Anonymous Symbol]                       0x0800776a   Section        0  gd32e230_usart.o(.text.usart_enable)
    [Anonymous Symbol]                       0x0800777c   Section        0  gd32e230_usart.o(.text.usart_interrupt_disable)
    [Anonymous Symbol]                       0x080077a2   Section        0  gd32e230_usart.o(.text.usart_interrupt_enable)
    [Anonymous Symbol]                       0x080077c8   Section        0  gd32e230_usart.o(.text.usart_interrupt_flag_clear)
    __arm_cp.73_0                            0x08007804   Number         4  gd32e230_usart.o(.text.usart_interrupt_flag_clear)
    [Anonymous Symbol]                       0x08007808   Section        0  gd32e230_usart.o(.text.usart_interrupt_flag_get)
    [Anonymous Symbol]                       0x0800786e   Section        0  gd32e230_usart.o(.text.usart_receive_config)
    [Anonymous Symbol]                       0x0800788c   Section        0  gd32e230_usart.o(.text.usart_transmit_config)
    i.__scatterload_copy                     0x080078aa   Section       14  handlers.o(i.__scatterload_copy)
    i.__scatterload_null                     0x080078b8   Section        2  handlers.o(i.__scatterload_null)
    i.__scatterload_zeroinit                 0x080078ba   Section       14  handlers.o(i.__scatterload_zeroinit)
    User_Default_Param                       0x20000000   Data          28  para.o(.data.User_Default_Param)
    [Anonymous Symbol]                       0x20000000   Section        0  para.o(.data.User_Default_Param)
    g_cyRevState                             0x2000001c   Data           1  modbus_ascii.o(.data.g_cyRevState)
    [Anonymous Symbol]                       0x2000001c   Section        0  modbus_ascii.o(.data.g_cyRevState)
    Flash_Buf                                0x20000050   Data        4096  flash.o(.bss.Flash_Buf)
    [Anonymous Symbol]                       0x20000050   Section        0  flash.o(.bss.Flash_Buf)
    Get_filter.buf2                          0x20001050   Data           4  common.o(.bss.Get_filter.buf2)
    [Anonymous Symbol]                       0x20001050   Section        0  common.o(.bss.Get_filter.buf2)
    Get_filter.buf_PCap                      0x20001054   Data          36  common.o(.bss.Get_filter.buf_PCap)
    [Anonymous Symbol]                       0x20001054   Section        0  common.o(.bss.Get_filter.buf_PCap)
    delay                                    0x20001818   Data           4  systick.o(.bss.delay)
    [Anonymous Symbol]                       0x20001818   Section        0  systick.o(.bss.delay)
    g_cyRevBufffLen                          0x2000181c   Data           2  modbus_ascii.o(.bss.g_cyRevBufffLen)
    [Anonymous Symbol]                       0x2000181c   Section        0  modbus_ascii.o(.bss.g_cyRevBufffLen)
    STACK                                    0x20001830   Section     1024  startup_gd32e230.o(STACK)

    Global Symbols

    Symbol Name                              Value     Ov Type        Size  Object(Section)

    BuildAttributes$$THM_ISAv3M$S$8M$PE$A:L22$X:L11$S22$IEEE1$IW$~IW$USESV6$~STKCKD$USESV7$~SHL$OSPACE$EBA8$MICROLIB$REQ8$PRES8$EABIv2 0x00000000   Number         0  anon$$obj.o ABSOLUTE
    __cpp_initialize__aeabi_                  - Undefined Weak Reference
    __cxa_finalize                            - Undefined Weak Reference
    __decompress                              - Undefined Weak Reference
    _clock_init                               - Undefined Weak Reference
    _microlib_exit                            - Undefined Weak Reference
    __Vectors_Size                           0x000000cc   Number         0  startup_gd32e230.o ABSOLUTE
    __Vectors                                0x08004000   Data           4  startup_gd32e230.o(RESET)
    __Vectors_End                            0x080040cc   Data           0  startup_gd32e230.o(RESET)
    __main                                   0x080040cd   Thumb Code     0  entry.o(.ARM.Collect$$$$00000000)
    _main_stk                                0x080040cd   Thumb Code     0  entry2.o(.ARM.Collect$$$$00000001)
    _main_scatterload                        0x080040d1   Thumb Code     0  entry5.o(.ARM.Collect$$$$00000004)
    __main_after_scatterload                 0x080040d5   Thumb Code     0  entry5.o(.ARM.Collect$$$$00000004)
    _main_clock                              0x080040d5   Thumb Code     0  entry7b.o(.ARM.Collect$$$$00000008)
    _main_cpp_init                           0x080040d5   Thumb Code     0  entry8b.o(.ARM.Collect$$$$0000000A)
    _main_init                               0x080040d5   Thumb Code     0  entry9a.o(.ARM.Collect$$$$0000000B)
    __rt_final_cpp                           0x080040dd   Thumb Code     0  entry10a.o(.ARM.Collect$$$$0000000D)
    __rt_final_exit                          0x080040dd   Thumb Code     0  entry11a.o(.ARM.Collect$$$$0000000F)
    Reset_Handler                            0x080040e1   Thumb Code     8  startup_gd32e230.o(.text)
    ADC_CMP_IRQHandler                       0x080040f3   Thumb Code     0  startup_gd32e230.o(.text)
    DMA_Channel0_IRQHandler                  0x080040f3   Thumb Code     0  startup_gd32e230.o(.text)
    DMA_Channel1_2_IRQHandler                0x080040f3   Thumb Code     0  startup_gd32e230.o(.text)
    DMA_Channel3_4_IRQHandler                0x080040f3   Thumb Code     0  startup_gd32e230.o(.text)
    EXTI2_3_IRQHandler                       0x080040f3   Thumb Code     0  startup_gd32e230.o(.text)
    EXTI4_15_IRQHandler                      0x080040f3   Thumb Code     0  startup_gd32e230.o(.text)
    FMC_IRQHandler                           0x080040f3   Thumb Code     0  startup_gd32e230.o(.text)
    I2C0_ER_IRQHandler                       0x080040f3   Thumb Code     0  startup_gd32e230.o(.text)
    I2C0_EV_IRQHandler                       0x080040f3   Thumb Code     0  startup_gd32e230.o(.text)
    I2C1_ER_IRQHandler                       0x080040f3   Thumb Code     0  startup_gd32e230.o(.text)
    I2C1_EV_IRQHandler                       0x080040f3   Thumb Code     0  startup_gd32e230.o(.text)
    LVD_IRQHandler                           0x080040f3   Thumb Code     0  startup_gd32e230.o(.text)
    RCU_IRQHandler                           0x080040f3   Thumb Code     0  startup_gd32e230.o(.text)
    RTC_IRQHandler                           0x080040f3   Thumb Code     0  startup_gd32e230.o(.text)
    SPI0_IRQHandler                          0x080040f3   Thumb Code     0  startup_gd32e230.o(.text)
    SPI1_IRQHandler                          0x080040f3   Thumb Code     0  startup_gd32e230.o(.text)
    TIMER0_BRK_UP_TRG_COM_IRQHandler         0x080040f3   Thumb Code     0  startup_gd32e230.o(.text)
    TIMER13_IRQHandler                       0x080040f3   Thumb Code     0  startup_gd32e230.o(.text)
    TIMER14_IRQHandler                       0x080040f3   Thumb Code     0  startup_gd32e230.o(.text)
    TIMER16_IRQHandler                       0x080040f3   Thumb Code     0  startup_gd32e230.o(.text)
    TIMER5_IRQHandler                        0x080040f3   Thumb Code     0  startup_gd32e230.o(.text)
    USART0_IRQHandler                        0x080040f3   Thumb Code     0  startup_gd32e230.o(.text)
    WWDGT_IRQHandler                         0x080040f3   Thumb Code     0  startup_gd32e230.o(.text)
    __aeabi_memset                           0x080040fd   Thumb Code    14  memseta.o(.text)
    __aeabi_memset4                          0x080040fd   Thumb Code     0  memseta.o(.text)
    __aeabi_memset8                          0x080040fd   Thumb Code     0  memseta.o(.text)
    __aeabi_memclr                           0x0800410b   Thumb Code     4  memseta.o(.text)
    __aeabi_memclr4                          0x0800410b   Thumb Code     0  memseta.o(.text)
    __aeabi_memclr8                          0x0800410b   Thumb Code     0  memseta.o(.text)
    _memset$wrapper                          0x0800410f   Thumb Code    18  memseta.o(.text)
    __scatterload                            0x08004121   Thumb Code    28  init.o(.text)
    __scatterload_rt2                        0x08004121   Thumb Code     0  init.o(.text)
    DRV_IWDG_Init                            0x08004145   Thumb Code    52  main.o(.text.DRV_IWDG_Init)
    Delay_1Ms                                0x08004179   Thumb Code    34  modbus_asc.o(.text.Delay_1Ms)
    Delay_Ms                                 0x0800419b   Thumb Code    34  common.o(.text.Delay_Ms)
    Delayms                                  0x080041bd   Thumb Code    92  gd32e230c_eval.o(.text.Delayms)
    EXTI0_1_IRQHandler                       0x08004219   Thumb Code    36  main.o(.text.EXTI0_1_IRQHandler)
    Flash_Read_OneByte                       0x0800423d   Thumb Code    18  flash.o(.text.Flash_Read_OneByte)
    Flash_Write_MultiBytes                   0x08004251   Thumb Code   296  flash.o(.text.Flash_Write_MultiBytes)
    GPIO_Configuration                       0x08004379   Thumb Code    92  main.o(.text.GPIO_Configuration)
    Get_filter                               0x080043d5   Thumb Code   424  common.o(.text.Get_filter)
    HardFault_Handler                        0x0800457d   Thumb Code     4  gd32e230_it.o(.text.HardFault_Handler)
    Led_Control                              0x08004581   Thumb Code    74  main.o(.text.Led_Control)
    MBASC_Fun03                              0x080045cd   Thumb Code   712  modbus_asc.o(.text.MBASC_Fun03)
    MBASC_Fun04                              0x08004895   Thumb Code   452  modbus_asc.o(.text.MBASC_Fun04)
    MBASC_Fun10                              0x08004a59   Thumb Code   792  modbus_asc.o(.text.MBASC_Fun10)
    MBASC_Fun2B                              0x08004d71   Thumb Code   636  modbus_asc.o(.text.MBASC_Fun2B)
    MBASC_Fun41                              0x08004fed   Thumb Code   212  modbus_asc.o(.text.MBASC_Fun41)
    MBASC_Function                           0x080050c1   Thumb Code   232  modbus_asc.o(.text.MBASC_Function)
    MBASC_GetSlaveAddr                       0x080051a9   Thumb Code    12  modbus_asc.o(.text.MBASC_GetSlaveAddr)
    MBASC_SendErr                            0x080051b5   Thumb Code    72  modbus_asc.o(.text.MBASC_SendErr)
    MBASC_SendMsg                            0x080051fd   Thumb Code    44  modbus_asc.o(.text.MBASC_SendMsg)
    MBASC_SendMsg_NoLimit                    0x08005229   Thumb Code    38  modbus_asc.o(.text.MBASC_SendMsg_NoLimit)
    MODBUS_ASCII_AsciiPacketToRtuPacket      0x0800524f   Thumb Code   116  modbus_ascii.o(.text.MODBUS_ASCII_AsciiPacketToRtuPacket)
    MODBUS_ASCII_AsciiToHex                  0x080052c3   Thumb Code   166  modbus_ascii.o(.text.MODBUS_ASCII_AsciiToHex)
    MODBUS_ASCII_CheckAscii                  0x08005369   Thumb Code   174  modbus_ascii.o(.text.MODBUS_ASCII_CheckAscii)
    MODBUS_ASCII_GetLrc                      0x08005417   Thumb Code   128  modbus_ascii.o(.text.MODBUS_ASCII_GetLrc)
    MODBUS_ASCII_HandlRevData                0x08005499   Thumb Code   264  modbus_ascii.o(.text.MODBUS_ASCII_HandlRevData)
    MODBUS_ASCII_HexToAscii                  0x080055a1   Thumb Code    90  modbus_ascii.o(.text.MODBUS_ASCII_HexToAscii)
    MODBUS_ASCII_RecvData                    0x080055fd   Thumb Code   220  modbus_ascii.o(.text.MODBUS_ASCII_RecvData)
    MODBUS_ASCII_RtuPacketToAsciiPacket      0x080056d9   Thumb Code    82  modbus_ascii.o(.text.MODBUS_ASCII_RtuPacketToAsciiPacket)
    MODBUS_ASCII_SendData                    0x0800572d   Thumb Code   200  modbus_ascii.o(.text.MODBUS_ASCII_SendData)
    NMI_Handler                              0x080057f5   Thumb Code     2  gd32e230_it.o(.text.NMI_Handler)
    PendSV_Handler                           0x080057f7   Thumb Code     2  gd32e230_it.o(.text.PendSV_Handler)
    ReadPara                                 0x080057f9   Thumb Code   392  para.o(.text.ReadPara)
    SVC_Handler                              0x08005981   Thumb Code     2  gd32e230_it.o(.text.SVC_Handler)
    SysTick_Handler                          0x08005983   Thumb Code     8  gd32e230_it.o(.text.SysTick_Handler)
    SystemInit                               0x0800598d   Thumb Code   172  system_gd32e230.o(.text.SystemInit)
    TIMER0_Channel_IRQHandler                0x08005a39   Thumb Code   184  timer.o(.text.TIMER0_Channel_IRQHandler)
    TIMER15_IRQHandler                       0x08005af1   Thumb Code   112  timer.o(.text.TIMER15_IRQHandler)
    TIMER15_Init                             0x08005b61   Thumb Code    92  timer.o(.text.TIMER15_Init)
    TIMER2_IRQHandler                        0x08005bbd   Thumb Code   116  timer.o(.text.TIMER2_IRQHandler)
    TIMER2_Init                              0x08005c31   Thumb Code   100  timer.o(.text.TIMER2_Init)
    UARTx_SendData                           0x08005c95   Thumb Code   164  gd32e230c_eval.o(.text.UARTx_SendData)
    USART1_IRQHandler                        0x08005d39   Thumb Code   216  gd32e230c_eval.o(.text.USART1_IRQHandler)
    ZF_exti_init                             0x08005e11   Thumb Code    58  main.o(.text.ZF_exti_init)
    ZF_gpio_init                             0x08005e4d   Thumb Code    32  main.o(.text.ZF_gpio_init)
    com_gpio_init                            0x08005f45   Thumb Code   112  main.o(.text.com_gpio_init)
    com_usart_init                           0x08005fb5   Thumb Code   224  main.o(.text.com_usart_init)
    delay_decrement                          0x08006095   Thumb Code    28  systick.o(.text.delay_decrement)
    exti_init                                0x080060b1   Thumb Code   216  gd32e230_exti.o(.text.exti_init)
    exti_interrupt_flag_clear                0x08006189   Thumb Code    16  gd32e230_exti.o(.text.exti_interrupt_flag_clear)
    exti_interrupt_flag_get                  0x08006199   Thumb Code    72  gd32e230_exti.o(.text.exti_interrupt_flag_get)
    flash_read_multi                         0x080061e1   Thumb Code    80  flash.o(.text.flash_read_multi)
    fmc_flag_clear                           0x08006231   Thumb Code    16  gd32e230_fmc.o(.text.fmc_flag_clear)
    fmc_lock                                 0x08006241   Thumb Code    12  gd32e230_fmc.o(.text.fmc_lock)
    fmc_page_erase                           0x0800624d   Thumb Code    92  gd32e230_fmc.o(.text.fmc_page_erase)
    fmc_ready_wait                           0x080062a9   Thumb Code    90  gd32e230_fmc.o(.text.fmc_ready_wait)
    fmc_state_get                            0x08006305   Thumb Code    84  gd32e230_fmc.o(.text.fmc_state_get)
    fmc_unlock                               0x08006359   Thumb Code    40  gd32e230_fmc.o(.text.fmc_unlock)
    fmc_word_program                         0x08006381   Thumb Code    88  gd32e230_fmc.o(.text.fmc_word_program)
    fwdgt_config                             0x080063d9   Thumb Code   232  gd32e230_fwdgt.o(.text.fwdgt_config)
    fwdgt_counter_reload                     0x080064c1   Thumb Code    12  gd32e230_fwdgt.o(.text.fwdgt_counter_reload)
    fwdgt_enable                             0x080064cd   Thumb Code    16  gd32e230_fwdgt.o(.text.fwdgt_enable)
    gpio_af_set                              0x080064dd   Thumb Code   196  gd32e230_gpio.o(.text.gpio_af_set)
    gpio_bit_reset                           0x080065a1   Thumb Code    16  gd32e230_gpio.o(.text.gpio_bit_reset)
    gpio_bit_set                             0x080065b1   Thumb Code    16  gd32e230_gpio.o(.text.gpio_bit_set)
    gpio_bit_write                           0x080065c1   Thumb Code    40  gd32e230_gpio.o(.text.gpio_bit_write)
    gpio_input_bit_get                       0x080065e9   Thumb Code    42  gd32e230_gpio.o(.text.gpio_input_bit_get)
    gpio_mode_set                            0x08006613   Thumb Code   144  gd32e230_gpio.o(.text.gpio_mode_set)
    gpio_output_options_set                  0x080066a3   Thumb Code   142  gd32e230_gpio.o(.text.gpio_output_options_set)
    long32Array                              0x08006731   Thumb Code    36  common.o(.text.long32Array)
    main                                     0x08006755   Thumb Code  1152  main.o(.text.main)
    nvic_irq_enable                          0x08006bd5   Thumb Code    52  gd32e230_misc.o(.text.nvic_irq_enable)
    nvic_vector_table_set                    0x08006c09   Thumb Code    32  gd32e230_misc.o(.text.nvic_vector_table_set)
    rcu_clock_freq_get                       0x08006c29   Thumb Code   644  gd32e230_rcu.o(.text.rcu_clock_freq_get)
    rcu_flag_get                             0x08006ead   Thumb Code    56  gd32e230_rcu.o(.text.rcu_flag_get)
    rcu_osci_on                              0x08006ee5   Thumb Code    36  gd32e230_rcu.o(.text.rcu_osci_on)
    rcu_osci_stab_wait                       0x08006f09   Thumb Code   600  gd32e230_rcu.o(.text.rcu_osci_stab_wait)
    rcu_periph_clock_enable                  0x08007161   Thumb Code    36  gd32e230_rcu.o(.text.rcu_periph_clock_enable)
    rcu_periph_reset_disable                 0x08007185   Thumb Code    36  gd32e230_rcu.o(.text.rcu_periph_reset_disable)
    rcu_periph_reset_enable                  0x080071a9   Thumb Code    40  gd32e230_rcu.o(.text.rcu_periph_reset_enable)
    rs485_Init                               0x080071d1   Thumb Code    60  main.o(.text.rs485_Init)
    syscfg_exti_line_config                  0x0800720d   Thumb Code   184  gd32e230_syscfg.o(.text.syscfg_exti_line_config)
    timer_auto_reload_shadow_enable          0x080073b1   Thumb Code    18  gd32e230_timer.o(.text.timer_auto_reload_shadow_enable)
    timer_deinit                             0x080073c5   Thumb Code   224  gd32e230_timer.o(.text.timer_deinit)
    timer_enable                             0x080074a5   Thumb Code    18  gd32e230_timer.o(.text.timer_enable)
    timer_init                               0x080074b9   Thumb Code   252  gd32e230_timer.o(.text.timer_init)
    timer_interrupt_disable                  0x080075b5   Thumb Code    20  gd32e230_timer.o(.text.timer_interrupt_disable)
    timer_interrupt_enable                   0x080075c9   Thumb Code    20  gd32e230_timer.o(.text.timer_interrupt_enable)
    timer_interrupt_flag_clear               0x080075dd   Thumb Code    20  gd32e230_timer.o(.text.timer_interrupt_flag_clear)
    timer_interrupt_flag_get                 0x080075f1   Thumb Code    60  gd32e230_timer.o(.text.timer_interrupt_flag_get)
    usart_baudrate_set                       0x0800762d   Thumb Code   176  gd32e230_usart.o(.text.usart_baudrate_set)
    usart_data_receive                       0x080076dd   Thumb Code    16  gd32e230_usart.o(.text.usart_data_receive)
    usart_data_transmit                      0x080076ed   Thumb Code    24  gd32e230_usart.o(.text.usart_data_transmit)
    usart_deinit                             0x08007705   Thumb Code    84  gd32e230_usart.o(.text.usart_deinit)
    usart_disable                            0x08007759   Thumb Code    18  gd32e230_usart.o(.text.usart_disable)
    usart_enable                             0x0800776b   Thumb Code    18  gd32e230_usart.o(.text.usart_enable)
    usart_interrupt_disable                  0x0800777d   Thumb Code    38  gd32e230_usart.o(.text.usart_interrupt_disable)
    usart_interrupt_enable                   0x080077a3   Thumb Code    38  gd32e230_usart.o(.text.usart_interrupt_enable)
    usart_interrupt_flag_clear               0x080077c9   Thumb Code    64  gd32e230_usart.o(.text.usart_interrupt_flag_clear)
    usart_interrupt_flag_get                 0x08007809   Thumb Code   102  gd32e230_usart.o(.text.usart_interrupt_flag_get)
    usart_receive_config                     0x0800786f   Thumb Code    30  gd32e230_usart.o(.text.usart_receive_config)
    usart_transmit_config                    0x0800788d   Thumb Code    30  gd32e230_usart.o(.text.usart_transmit_config)
    __scatterload_copy                       0x080078ab   Thumb Code    14  handlers.o(i.__scatterload_copy)
    __scatterload_null                       0x080078b9   Thumb Code     2  handlers.o(i.__scatterload_null)
    __scatterload_zeroinit                   0x080078bb   Thumb Code    14  handlers.o(i.__scatterload_zeroinit)
    SensorSoftVersion                        0x080078c8   Data          10  modbus_asc.o(.rodata.SensorSoftVersion)
    Region$$Table$$Base                      0x080078d4   Number         0  anon$$obj.o(Region$$Table)
    Region$$Table$$Limit                     0x080078f4   Number         0  anon$$obj.o(Region$$Table)
    AutoUpLoad_counter                       0x20000020   Data           2  timer.o(.bss.AutoUpLoad_counter)
    AutoUpLoad_flag                          0x20000022   Data           2  timer.o(.bss.AutoUpLoad_flag)
    CH0_cnt                                  0x20000024   Data           2  timer.o(.bss.CH0_cnt)
    CH1_cnt                                  0x20000026   Data           2  timer.o(.bss.CH1_cnt)
    Cur_Param                                0x20000028   Data          28  para.o(.bss.Cur_Param)
    Current_NegativeTime                     0x20000044   Data           4  para.o(.bss.Current_NegativeTime)
    Current_PositiveTime                     0x20000048   Data           4  para.o(.bss.Current_PositiveTime)
    Current_pulse                            0x2000004c   Data           4  para.o(.bss.Current_pulse)
    PulseFlag                                0x20001078   Data           1  timer.o(.bss.PulseFlag)
    SendBuf                                  0x20001079   Data         100  modbus_asc.o(.bss.SendBuf)
    SendLen                                  0x200010dd   Data           1  modbus_asc.o(.bss.SendLen)
    Time_1min_flag                           0x200010de   Data           1  main.o(.bss.Time_1min_flag)
    Time_1s_flag                             0x200010df   Data           1  timer.o(.bss.Time_1s_flag)
    Time_5s_flag                             0x200010e0   Data           1  timer.o(.bss.Time_5s_flag)
    UARTx_RXBuff                             0x200010e1   Data         600  gd32e230c_eval.o(.bss.UARTx_RXBuff)
    UARTx_RXBuffLen                          0x20001339   Data           1  gd32e230c_eval.o(.bss.UARTx_RXBuffLen)
    UARTx_TXBUFF                             0x2000133a   Data         600  gd32e230c_eval.o(.bss.UARTx_TXBUFF)
    UartRecvFlag                             0x20001592   Data           1  gd32e230c_eval.o(.bss.UartRecvFlag)
    UartRecvFrameOK                          0x20001593   Data           1  modbus_ascii.o(.bss.UartRecvFrameOK)
    UserPara                                 0x20001594   Data          36  para.o(.bss.UserPara)
    ch                                       0x200015b8   Data           1  gd32e230c_eval.o(.bss.ch)
    cnt_1                                    0x200015ba   Data           2  main.o(.bss.cnt_1)
    count_flag                               0x200015bc   Data           2  timer.o(.bss.count_flag)
    cyAsciiBuff                              0x200015be   Data         600  modbus_ascii.o(.bss.cyAsciiBuff)
    initial                                  0x2000181e   Data           1  common.o(.bss.initial)
    pulse_flag0                              0x20001820   Data           2  timer.o(.bss.pulse_flag0)
    pulse_flag1                              0x20001822   Data           2  timer.o(.bss.pulse_flag1)
    pulse_level                              0x20001824   Data           2  main.o(.bss.pulse_level)
    read_cnt                                 0x20001826   Data           2  main.o(.bss.read_cnt)
    signs                                    0x20001828   Data           1  common.o(.bss.signs)
    tim_1min_cnt                             0x2000182a   Data           2  timer.o(.bss.tim_1min_cnt)
    tim_cnt                                  0x2000182c   Data           2  timer.o(.bss.tim_cnt)
    u8SendIndex                              0x2000182e   Data           1  gd32e230c_eval.o(.bss.u8SendIndex)
    u8SendNum                                0x2000182f   Data           1  gd32e230c_eval.o(.bss.u8SendNum)
    __initial_sp                             0x20001c30   Data           0  startup_gd32e230.o(STACK)



==============================================================================

Memory Map of the image

  Image Entry point : 0x080040cd

  Load Region LR_IROM1 (Base: 0x08004000, Size: 0x00003918, Max: 0x00010000, ABSOLUTE)

    Execution Region ER_IROM1 (Exec base: 0x08004000, Load base: 0x08004000, Size: 0x000038f4, Max: 0x00010000, ABSOLUTE)

    Exec Addr    Load Addr    Size         Type   Attr      Idx    E Section Name        Object

    0x08004000   0x08004000   0x000000cc   Data   RO         1455    RESET               startup_gd32e230.o
    0x080040cc   0x080040cc   0x00000000   Code   RO         1462  * .ARM.Collect$$$$00000000  mc_p.l(entry.o)
    0x080040cc   0x080040cc   0x00000004   Code   RO         1469    .ARM.Collect$$$$00000001  mc_p.l(entry2.o)
    0x080040d0   0x080040d0   0x00000004   Code   RO         1472    .ARM.Collect$$$$00000004  mc_p.l(entry5.o)
    0x080040d4   0x080040d4   0x00000000   Code   RO         1474    .ARM.Collect$$$$00000008  mc_p.l(entry7b.o)
    0x080040d4   0x080040d4   0x00000000   Code   RO         1476    .ARM.Collect$$$$0000000A  mc_p.l(entry8b.o)
    0x080040d4   0x080040d4   0x00000008   Code   RO         1477    .ARM.Collect$$$$0000000B  mc_p.l(entry9a.o)
    0x080040dc   0x080040dc   0x00000000   Code   RO         1479    .ARM.Collect$$$$0000000D  mc_p.l(entry10a.o)
    0x080040dc   0x080040dc   0x00000000   Code   RO         1481    .ARM.Collect$$$$0000000F  mc_p.l(entry11a.o)
    0x080040dc   0x080040dc   0x00000004   Code   RO         1470    .ARM.Collect$$$$00002712  mc_p.l(entry2.o)
    0x080040e0   0x080040e0   0x0000001c   Code   RO         1456    .text               startup_gd32e230.o
    0x080040fc   0x080040fc   0x00000024   Code   RO         1467    .text               mc_p.l(memseta.o)
    0x08004120   0x08004120   0x00000024   Code   RO         1487    .text               mc_p.l(init.o)
    0x08004144   0x08004144   0x00000034   Code   RO           31    .text.DRV_IWDG_Init  main.o
    0x08004178   0x08004178   0x00000022   Code   RO          125    .text.Delay_1Ms     modbus_asc.o
    0x0800419a   0x0800419a   0x00000022   Code   RO           84    .text.Delay_Ms      common.o
    0x080041bc   0x080041bc   0x0000005c   Code   RO         1421    .text.Delayms       gd32e230c_eval.o
    0x08004218   0x08004218   0x00000024   Code   RO           39    .text.EXTI0_1_IRQHandler  main.o
    0x0800423c   0x0800423c   0x00000012   Code   RO          206    .text.Flash_Read_OneByte  flash.o
    0x0800424e   0x0800424e   0x00000002   PAD
    0x08004250   0x08004250   0x00000128   Code   RO          214    .text.Flash_Write_MultiBytes  flash.o
    0x08004378   0x08004378   0x0000005c   Code   RO           29    .text.GPIO_Configuration  main.o
    0x080043d4   0x080043d4   0x000001a8   Code   RO           88    .text.Get_filter    common.o
    0x0800457c   0x0800457c   0x00000004   Code   RO            4    .text.HardFault_Handler  gd32e230_it.o
    0x08004580   0x08004580   0x0000004a   Code   RO           27    .text.Led_Control   main.o
    0x080045ca   0x080045ca   0x00000002   PAD
    0x080045cc   0x080045cc   0x000002c8   Code   RO          115    .text.MBASC_Fun03   modbus_asc.o
    0x08004894   0x08004894   0x000001c4   Code   RO          117    .text.MBASC_Fun04   modbus_asc.o
    0x08004a58   0x08004a58   0x00000318   Code   RO          121    .text.MBASC_Fun10   modbus_asc.o
    0x08004d70   0x08004d70   0x0000027c   Code   RO          123    .text.MBASC_Fun2B   modbus_asc.o
    0x08004fec   0x08004fec   0x000000d4   Code   RO          127    .text.MBASC_Fun41   modbus_asc.o
    0x080050c0   0x080050c0   0x000000e8   Code   RO          131    .text.MBASC_Function  modbus_asc.o
    0x080051a8   0x080051a8   0x0000000c   Code   RO          107    .text.MBASC_GetSlaveAddr  modbus_asc.o
    0x080051b4   0x080051b4   0x00000048   Code   RO          113    .text.MBASC_SendErr  modbus_asc.o
    0x080051fc   0x080051fc   0x0000002c   Code   RO          109    .text.MBASC_SendMsg  modbus_asc.o
    0x08005228   0x08005228   0x00000026   Code   RO          111    .text.MBASC_SendMsg_NoLimit  modbus_asc.o
    0x0800524e   0x0800524e   0x00000074   Code   RO          155    .text.MODBUS_ASCII_AsciiPacketToRtuPacket  modbus_ascii.o
    0x080052c2   0x080052c2   0x000000a6   Code   RO          151    .text.MODBUS_ASCII_AsciiToHex  modbus_ascii.o
    0x08005368   0x08005368   0x000000ae   Code   RO          161    .text.MODBUS_ASCII_CheckAscii  modbus_ascii.o
    0x08005416   0x08005416   0x00000080   Code   RO          153    .text.MODBUS_ASCII_GetLrc  modbus_ascii.o
    0x08005496   0x08005496   0x00000002   PAD
    0x08005498   0x08005498   0x00000108   Code   RO          159    .text.MODBUS_ASCII_HandlRevData  modbus_ascii.o
    0x080055a0   0x080055a0   0x0000005a   Code   RO          149    .text.MODBUS_ASCII_HexToAscii  modbus_ascii.o
    0x080055fa   0x080055fa   0x00000002   PAD
    0x080055fc   0x080055fc   0x000000dc   Code   RO          163    .text.MODBUS_ASCII_RecvData  modbus_ascii.o
    0x080056d8   0x080056d8   0x00000052   Code   RO          157    .text.MODBUS_ASCII_RtuPacketToAsciiPacket  modbus_ascii.o
    0x0800572a   0x0800572a   0x00000002   PAD
    0x0800572c   0x0800572c   0x000000c8   Code   RO          165    .text.MODBUS_ASCII_SendData  modbus_ascii.o
    0x080057f4   0x080057f4   0x00000002   Code   RO            2    .text.NMI_Handler   gd32e230_it.o
    0x080057f6   0x080057f6   0x00000002   Code   RO           16    .text.PendSV_Handler  gd32e230_it.o
    0x080057f8   0x080057f8   0x00000188   Code   RO          180    .text.ReadPara      para.o
    0x08005980   0x08005980   0x00000002   Code   RO           12    .text.SVC_Handler   gd32e230_it.o
    0x08005982   0x08005982   0x00000008   Code   RO           18    .text.SysTick_Handler  gd32e230_it.o
    0x0800598a   0x0800598a   0x00000002   PAD
    0x0800598c   0x0800598c   0x000000ac   Code   RO          270    .text.SystemInit    system_gd32e230.o
    0x08005a38   0x08005a38   0x000000b8   Code   RO          239    .text.TIMER0_Channel_IRQHandler  timer.o
    0x08005af0   0x08005af0   0x00000070   Code   RO          243    .text.TIMER15_IRQHandler  timer.o
    0x08005b60   0x08005b60   0x0000005c   Code   RO          237    .text.TIMER15_Init  timer.o
    0x08005bbc   0x08005bbc   0x00000074   Code   RO          241    .text.TIMER2_IRQHandler  timer.o
    0x08005c30   0x08005c30   0x00000064   Code   RO          235    .text.TIMER2_Init   timer.o
    0x08005c94   0x08005c94   0x000000a4   Code   RO         1425    .text.UARTx_SendData  gd32e230c_eval.o
    0x08005d38   0x08005d38   0x000000d8   Code   RO         1423    .text.USART1_IRQHandler  gd32e230c_eval.o
    0x08005e10   0x08005e10   0x0000003a   Code   RO           37    .text.ZF_exti_init  main.o
    0x08005e4a   0x08005e4a   0x00000002   PAD
    0x08005e4c   0x08005e4c   0x00000020   Code   RO           35    .text.ZF_gpio_init  main.o
    0x08005e6c   0x08005e6c   0x00000034   Code   RO          741    .text.__NVIC_EnableIRQ  gd32e230_misc.o
    0x08005ea0   0x08005ea0   0x00000088   Code   RO          739    .text.__NVIC_SetPriority  gd32e230_misc.o
    0x08005f28   0x08005f28   0x0000001c   Code   RO          129    .text.__NVIC_SystemReset  modbus_asc.o
    0x08005f44   0x08005f44   0x00000070   Code   RO           45    .text.com_gpio_init  main.o
    0x08005fb4   0x08005fb4   0x000000e0   Code   RO           47    .text.com_usart_init  main.o
    0x08006094   0x08006094   0x0000001c   Code   RO           74    .text.delay_decrement  systick.o
    0x080060b0   0x080060b0   0x000000d8   Code   RO          502    .text.exti_init     gd32e230_exti.o
    0x08006188   0x08006188   0x00000010   Code   RO          518    .text.exti_interrupt_flag_clear  gd32e230_exti.o
    0x08006198   0x08006198   0x00000048   Code   RO          516    .text.exti_interrupt_flag_get  gd32e230_exti.o
    0x080061e0   0x080061e0   0x00000050   Code   RO          208    .text.flash_read_multi  flash.o
    0x08006230   0x08006230   0x00000010   Code   RO          583    .text.fmc_flag_clear  gd32e230_fmc.o
    0x08006240   0x08006240   0x0000000c   Code   RO          533    .text.fmc_lock      gd32e230_fmc.o
    0x0800624c   0x0800624c   0x0000005c   Code   RO          541    .text.fmc_page_erase  gd32e230_fmc.o
    0x080062a8   0x080062a8   0x0000005a   Code   RO          543    .text.fmc_ready_wait  gd32e230_fmc.o
    0x08006302   0x08006302   0x00000002   PAD
    0x08006304   0x08006304   0x00000054   Code   RO          589    .text.fmc_state_get  gd32e230_fmc.o
    0x08006358   0x08006358   0x00000028   Code   RO          531    .text.fmc_unlock    gd32e230_fmc.o
    0x08006380   0x08006380   0x00000058   Code   RO          549    .text.fmc_word_program  gd32e230_fmc.o
    0x080063d8   0x080063d8   0x000000e8   Code   RO          612    .text.fwdgt_config  gd32e230_fwdgt.o
    0x080064c0   0x080064c0   0x0000000c   Code   RO          610    .text.fwdgt_counter_reload  gd32e230_fwdgt.o
    0x080064cc   0x080064cc   0x00000010   Code   RO          602    .text.fwdgt_enable  gd32e230_fwdgt.o
    0x080064dc   0x080064dc   0x000000c4   Code   RO          645    .text.gpio_af_set   gd32e230_gpio.o
    0x080065a0   0x080065a0   0x00000010   Code   RO          631    .text.gpio_bit_reset  gd32e230_gpio.o
    0x080065b0   0x080065b0   0x00000010   Code   RO          629    .text.gpio_bit_set  gd32e230_gpio.o
    0x080065c0   0x080065c0   0x00000028   Code   RO          633    .text.gpio_bit_write  gd32e230_gpio.o
    0x080065e8   0x080065e8   0x0000002a   Code   RO          637    .text.gpio_input_bit_get  gd32e230_gpio.o
    0x08006612   0x08006612   0x00000090   Code   RO          625    .text.gpio_mode_set  gd32e230_gpio.o
    0x080066a2   0x080066a2   0x0000008e   Code   RO          627    .text.gpio_output_options_set  gd32e230_gpio.o
    0x08006730   0x08006730   0x00000024   Code   RO           92    .text.long32Array   common.o
    0x08006754   0x08006754   0x00000480   Code   RO           43    .text.main          main.o
    0x08006bd4   0x08006bd4   0x00000034   Code   RO          737    .text.nvic_irq_enable  gd32e230_misc.o
    0x08006c08   0x08006c08   0x00000020   Code   RO          751    .text.nvic_vector_table_set  gd32e230_misc.o
    0x08006c28   0x08006c28   0x00000284   Code   RO          876    .text.rcu_clock_freq_get  gd32e230_rcu.o
    0x08006eac   0x08006eac   0x00000038   Code   RO          842    .text.rcu_flag_get  gd32e230_rcu.o
    0x08006ee4   0x08006ee4   0x00000024   Code   RO          856    .text.rcu_osci_on   gd32e230_rcu.o
    0x08006f08   0x08006f08   0x00000258   Code   RO          854    .text.rcu_osci_stab_wait  gd32e230_rcu.o
    0x08007160   0x08007160   0x00000024   Code   RO          802    .text.rcu_periph_clock_enable  gd32e230_rcu.o
    0x08007184   0x08007184   0x00000024   Code   RO          812    .text.rcu_periph_reset_disable  gd32e230_rcu.o
    0x080071a8   0x080071a8   0x00000028   Code   RO          810    .text.rcu_periph_reset_enable  gd32e230_rcu.o
    0x080071d0   0x080071d0   0x0000003c   Code   RO           33    .text.rs485_Init    main.o
    0x0800720c   0x0800720c   0x000000b8   Code   RO         1061    .text.syscfg_exti_line_config  gd32e230_syscfg.o
    0x080072c4   0x080072c4   0x000000e4   Code   RO          276    .text.system_clock_72m_irc8m  system_gd32e230.o
    0x080073a8   0x080073a8   0x00000008   Code   RO          272    .text.system_clock_config  system_gd32e230.o
    0x080073b0   0x080073b0   0x00000012   Code   RO         1088    .text.timer_auto_reload_shadow_enable  gd32e230_timer.o
    0x080073c2   0x080073c2   0x00000002   PAD
    0x080073c4   0x080073c4   0x000000e0   Code   RO         1078    .text.timer_deinit  gd32e230_timer.o
    0x080074a4   0x080074a4   0x00000012   Code   RO         1084    .text.timer_enable  gd32e230_timer.o
    0x080074b6   0x080074b6   0x00000002   PAD
    0x080074b8   0x080074b8   0x000000fc   Code   RO         1082    .text.timer_init    gd32e230_timer.o
    0x080075b4   0x080075b4   0x00000014   Code   RO         1122    .text.timer_interrupt_disable  gd32e230_timer.o
    0x080075c8   0x080075c8   0x00000014   Code   RO         1120    .text.timer_interrupt_enable  gd32e230_timer.o
    0x080075dc   0x080075dc   0x00000014   Code   RO         1126    .text.timer_interrupt_flag_clear  gd32e230_timer.o
    0x080075f0   0x080075f0   0x0000003c   Code   RO         1124    .text.timer_interrupt_flag_get  gd32e230_timer.o
    0x0800762c   0x0800762c   0x000000b0   Code   RO         1233    .text.usart_baudrate_set  gd32e230_usart.o
    0x080076dc   0x080076dc   0x00000010   Code   RO         1269    .text.usart_data_receive  gd32e230_usart.o
    0x080076ec   0x080076ec   0x00000018   Code   RO         1267    .text.usart_data_transmit  gd32e230_usart.o
    0x08007704   0x08007704   0x00000054   Code   RO         1231    .text.usart_deinit  gd32e230_usart.o
    0x08007758   0x08007758   0x00000012   Code   RO         1243    .text.usart_disable  gd32e230_usart.o
    0x0800776a   0x0800776a   0x00000012   Code   RO         1241    .text.usart_enable  gd32e230_usart.o
    0x0800777c   0x0800777c   0x00000026   Code   RO         1371    .text.usart_interrupt_disable  gd32e230_usart.o
    0x080077a2   0x080077a2   0x00000026   Code   RO         1369    .text.usart_interrupt_enable  gd32e230_usart.o
    0x080077c8   0x080077c8   0x00000040   Code   RO         1377    .text.usart_interrupt_flag_clear  gd32e230_usart.o
    0x08007808   0x08007808   0x00000066   Code   RO         1375    .text.usart_interrupt_flag_get  gd32e230_usart.o
    0x0800786e   0x0800786e   0x0000001e   Code   RO         1247    .text.usart_receive_config  gd32e230_usart.o
    0x0800788c   0x0800788c   0x0000001e   Code   RO         1245    .text.usart_transmit_config  gd32e230_usart.o
    0x080078aa   0x080078aa   0x0000000e   Code   RO         1491    i.__scatterload_copy  mc_p.l(handlers.o)
    0x080078b8   0x080078b8   0x00000002   Code   RO         1492    i.__scatterload_null  mc_p.l(handlers.o)
    0x080078ba   0x080078ba   0x0000000e   Code   RO         1493    i.__scatterload_zeroinit  mc_p.l(handlers.o)
    0x080078c8   0x080078c8   0x0000000a   Data   RO          137    .rodata.SensorSoftVersion  modbus_asc.o
    0x080078d2   0x080078d2   0x00000002   PAD
    0x080078d4   0x080078d4   0x00000020   Data   RO         1490    Region$$Table       anon$$obj.o


    Execution Region RW_IRAM1 (Exec base: 0x20000000, Load base: 0x080078f8, Size: 0x00001c30, Max: 0x00002000, ABSOLUTE)

    Exec Addr    Load Addr    Size         Type   Attr      Idx    E Section Name        Object

    0x20000000   0x080078f8   0x0000001c   Data   RW          198    .data.User_Default_Param  para.o
    0x2000001c   0x08007914   0x00000001   Data   RW          169    .data.g_cyRevState  modbus_ascii.o
    0x2000001d   0x08007915   0x00000003   PAD
    0x20000020        -       0x00000002   Zero   RW          258    .bss.AutoUpLoad_counter  timer.o
    0x20000022        -       0x00000002   Zero   RW          259    .bss.AutoUpLoad_flag  timer.o
    0x20000024        -       0x00000002   Zero   RW          249    .bss.CH0_cnt        timer.o
    0x20000026        -       0x00000002   Zero   RW          250    .bss.CH1_cnt        timer.o
    0x20000028        -       0x0000001c   Zero   RW          195    .bss.Cur_Param      para.o
    0x20000044        -       0x00000004   Zero   RW          194    .bss.Current_NegativeTime  para.o
    0x20000048        -       0x00000004   Zero   RW          193    .bss.Current_PositiveTime  para.o
    0x2000004c        -       0x00000004   Zero   RW          192    .bss.Current_pulse  para.o
    0x20000050        -       0x00001000   Zero   RW          226    .bss.Flash_Buf      flash.o
    0x20001050        -       0x00000004   Zero   RW           99    .bss.Get_filter.buf2  common.o
    0x20001054        -       0x00000024   Zero   RW           98    .bss.Get_filter.buf_PCap  common.o
    0x20001078        -       0x00000001   Zero   RW          252    .bss.PulseFlag      timer.o
    0x20001079        -       0x00000064   Zero   RW          139    .bss.SendBuf        modbus_asc.o
    0x200010dd        -       0x00000001   Zero   RW          138    .bss.SendLen        modbus_asc.o
    0x200010de        -       0x00000001   Zero   RW           56    .bss.Time_1min_flag  main.o
    0x200010df        -       0x00000001   Zero   RW          248    .bss.Time_1s_flag   timer.o
    0x200010e0        -       0x00000001   Zero   RW          247    .bss.Time_5s_flag   timer.o
    0x200010e1        -       0x00000258   Zero   RW         1446    .bss.UARTx_RXBuff   gd32e230c_eval.o
    0x20001339        -       0x00000001   Zero   RW         1443    .bss.UARTx_RXBuffLen  gd32e230c_eval.o
    0x2000133a        -       0x00000258   Zero   RW         1445    .bss.UARTx_TXBUFF   gd32e230c_eval.o
    0x20001592        -       0x00000001   Zero   RW         1427    .bss.UartRecvFlag   gd32e230c_eval.o
    0x20001593        -       0x00000001   Zero   RW          171    .bss.UartRecvFrameOK  modbus_ascii.o
    0x20001594        -       0x00000024   Zero   RW          196    .bss.UserPara       para.o
    0x200015b8        -       0x00000001   Zero   RW         1444    .bss.ch             gd32e230c_eval.o
    0x200015b9   0x08007915   0x00000001   PAD
    0x200015ba        -       0x00000002   Zero   RW           53    .bss.cnt_1          main.o
    0x200015bc        -       0x00000002   Zero   RW          260    .bss.count_flag     timer.o
    0x200015be        -       0x00000258   Zero   RW          172    .bss.cyAsciiBuff    modbus_ascii.o
    0x20001816   0x08007915   0x00000002   PAD
    0x20001818        -       0x00000004   Zero   RW           76    .bss.delay          systick.o
    0x2000181c        -       0x00000002   Zero   RW          170    .bss.g_cyRevBufffLen  modbus_ascii.o
    0x2000181e        -       0x00000001   Zero   RW           97    .bss.initial        common.o
    0x2000181f   0x08007915   0x00000001   PAD
    0x20001820        -       0x00000002   Zero   RW          254    .bss.pulse_flag0    timer.o
    0x20001822        -       0x00000002   Zero   RW          255    .bss.pulse_flag1    timer.o
    0x20001824        -       0x00000002   Zero   RW           55    .bss.pulse_level    main.o
    0x20001826        -       0x00000002   Zero   RW           54    .bss.read_cnt       main.o
    0x20001828        -       0x00000001   Zero   RW           96    .bss.signs          common.o
    0x20001829   0x08007915   0x00000001   PAD
    0x2000182a        -       0x00000002   Zero   RW          246    .bss.tim_1min_cnt   timer.o
    0x2000182c        -       0x00000002   Zero   RW          245    .bss.tim_cnt        timer.o
    0x2000182e        -       0x00000001   Zero   RW         1442    .bss.u8SendIndex    gd32e230c_eval.o
    0x2000182f        -       0x00000001   Zero   RW         1441    .bss.u8SendNum      gd32e230c_eval.o
    0x20001830        -       0x00000400   Zero   RW         1453    STACK               startup_gd32e230.o


==============================================================================

Image component sizes


      Code (inc. data)   RO Data    RW Data    ZI Data      Debug   Object Name

       494         16          0          0         42       2076   common.o
       394         20          0          0       4096       3909   flash.o
       304         20          0          0          0       3237   gd32e230_exti.o
       422         24          0          0          0       6562   gd32e230_fmc.o
       260         36          0          0          0       2586   gd32e230_fwdgt.o
       596          0          0          0          0       4289   gd32e230_gpio.o
        18          0          0          0          0       1002   gd32e230_it.o
       272         20          0          0          0       3947   gd32e230_misc.o
      1448         60          0          0          0      11426   gd32e230_rcu.o
       184         16          0          0          0       2827   gd32e230_syscfg.o
       632         48          0          0          0      17141   gd32e230_timer.o
       638         28          0          0          0      14297   gd32e230_usart.o
       472         40          0          0       1205       5792   gd32e230c_eval.o
      1892        108          0          0          7       6890   main.o
      3264        116         10          0        101       6937   modbus_asc.o
      1440         28          0          1        603       4145   modbus_ascii.o
       392         24          0         28         76       3451   para.o
        28          8        204          0       1024        708   startup_gd32e230.o
       408         56          0          0          0       1840   system_gd32e230.o
        28          4          0          0          4       2993   systick.o
       604         80          0          0         21       4486   timer.o

    ----------------------------------------------------------------------
     14210        752        248         32       7184     110541   Object Totals
         0          0         32          0          0          0   (incl. Generated)
        20          0          2          3          5          0   (incl. Padding)

    ----------------------------------------------------------------------

      Code (inc. data)   RO Data    RW Data    ZI Data      Debug   Library Member Name

         0          0          0          0          0          0   entry.o
         0          0          0          0          0          0   entry10a.o
         0          0          0          0          0          0   entry11a.o
         8          4          0          0          0          0   entry2.o
         4          0          0          0          0          0   entry5.o
         0          0          0          0          0          0   entry7b.o
         0          0          0          0          0          0   entry8b.o
         8          4          0          0          0          0   entry9a.o
        30          0          0          0          0          0   handlers.o
        36          8          0          0          0         68   init.o
        36          0          0          0          0        100   memseta.o

    ----------------------------------------------------------------------
       122         16          0          0          0        168   Library Totals
         0          0          0          0          0          0   (incl. Padding)

    ----------------------------------------------------------------------

      Code (inc. data)   RO Data    RW Data    ZI Data      Debug   Library Name

       122         16          0          0          0        168   mc_p.l

    ----------------------------------------------------------------------
       122         16          0          0          0        168   Library Totals

    ----------------------------------------------------------------------

==============================================================================


      Code (inc. data)   RO Data    RW Data    ZI Data      Debug   

     14332        768        248         32       7184     110557   Grand Totals
     14332        768        248         32       7184     110557   ELF Image Totals
     14332        768        248         32          0          0   ROM Totals

==============================================================================

    Total RO  Size (Code + RO Data)                14580 (  14.24kB)
    Total RW  Size (RW Data + ZI Data)              7216 (   7.05kB)
    Total ROM Size (Code + RO Data + RW Data)      14612 (  14.27kB)

==============================================================================

